Component: ARM Compiler 5.06 update 4 (build 422) Tool: armlink [4d35d2]

==============================================================================

Section Cross References

    main.o(.ARM.exidx) refers to main.o(.rev16_text) for __asm___6_main_c_init____REV16
    main.o(.ARM.exidx) refers to main.o(.revsh_text) for __asm___6_main_c_init____REVSH
    main.o(.ARM.exidx) refers to main.o(.rrx_text) for __asm___6_main_c_init____RRX
    main.o(i.init) refers to misc.o(i.NVIC_PriorityGroupConfig) for NVIC_PriorityGroupConfig
    main.o(i.init) refers to timer.o(i.TIM_Init) for TIM_Init
    main.o(i.init) refers to usart.o(i.UART5_Init) for UART5_Init
    main.o(i.init) refers to usart.o(i.USART3_Init) for USART3_Init
    main.o(i.init) refers to gpio.o(i.KeyInit) for KeyInit
    main.o(i.init) refers to can.o(i.CAN_Config) for CAN_Config
    main.o(i.main) refers to main.o(i.init) for init
    main.o(i.main) refers to route_ctr.o(i.RouteControl) for RouteControl
    main.o(i.main) refers to stm32f4xx_it.o(i.getTimeFlag) for getTimeFlag
    main.o(.ARM.exidx) refers to main.o(i.init) for i.init
    main.o(.ARM.exidx) refers to unwind_pr0.o(.text) for __aeabi_unwind_cpp_pr0
    main.o(.ARM.exidx) refers to main.o(i.main) for i.main
    main.o(.ARM.exidx) refers to unwind_pr0.o(.text) for __aeabi_unwind_cpp_pr0
    stm32f4xx_it.o(.ARM.exidx) refers to stm32f4xx_it.o(.rev16_text) for __asm___14_stm32f4xx_it_c_pElmoVel____REV16
    stm32f4xx_it.o(.ARM.exidx) refers to stm32f4xx_it.o(.revsh_text) for __asm___14_stm32f4xx_it_c_pElmoVel____REVSH
    stm32f4xx_it.o(.ARM.exidx) refers to stm32f4xx_it.o(.rrx_text) for __asm___14_stm32f4xx_it_c_pElmoVel____RRX
    stm32f4xx_it.o(i.CAN1_RX0_IRQHandler) refers to can.o(i.CAN_RxMsg) for CAN_RxMsg
    stm32f4xx_it.o(i.CAN1_RX0_IRQHandler) refers to stm32f4xx_can.o(i.CAN_ClearFlag) for CAN_ClearFlag
    stm32f4xx_it.o(i.CAN1_RX0_IRQHandler) refers to stm32f4xx_it.o(.data) for buffer
    stm32f4xx_it.o(i.CAN1_RX0_IRQHandler) refers to stm32f4xx_it.o(.bss) for elmoPos
    stm32f4xx_it.o(i.TIM1_UP_TIM10_IRQHandler) refers to stm32f4xx_tim.o(i.TIM_GetITStatus) for TIM_GetITStatus
    stm32f4xx_it.o(i.TIM1_UP_TIM10_IRQHandler) refers to stm32f4xx_tim.o(i.TIM_ClearITPendingBit) for TIM_ClearITPendingBit
    stm32f4xx_it.o(i.TIM2_IRQHandler) refers to stm32f4xx_tim.o(i.TIM_GetITStatus) for TIM_GetITStatus
    stm32f4xx_it.o(i.TIM2_IRQHandler) refers to stm32f4xx_tim.o(i.TIM_ClearITPendingBit) for TIM_ClearITPendingBit
    stm32f4xx_it.o(i.TIM2_IRQHandler) refers to stm32f4xx_it.o(.data) for timeCount
    stm32f4xx_it.o(i.TIM3_IRQHandler) refers to stm32f4xx_tim.o(i.TIM_GetITStatus) for TIM_GetITStatus
    stm32f4xx_it.o(i.TIM3_IRQHandler) refers to stm32f4xx_tim.o(i.TIM_ClearITPendingBit) for TIM_ClearITPendingBit
    stm32f4xx_it.o(i.TIM4_IRQHandler) refers to stm32f4xx_tim.o(i.TIM_GetITStatus) for TIM_GetITStatus
    stm32f4xx_it.o(i.TIM4_IRQHandler) refers to stm32f4xx_tim.o(i.TIM_ClearITPendingBit) for TIM_ClearITPendingBit
    stm32f4xx_it.o(i.TIM5_IRQHandler) refers to stm32f4xx_tim.o(i.TIM_GetITStatus) for TIM_GetITStatus
    stm32f4xx_it.o(i.TIM5_IRQHandler) refers to stm32f4xx_tim.o(i.TIM_ClearITPendingBit) for TIM_ClearITPendingBit
    stm32f4xx_it.o(i.TIM8_UP_TIM13_IRQHandler) refers to stm32f4xx_tim.o(i.TIM_GetITStatus) for TIM_GetITStatus
    stm32f4xx_it.o(i.TIM8_UP_TIM13_IRQHandler) refers to stm32f4xx_tim.o(i.TIM_ClearITPendingBit) for TIM_ClearITPendingBit
    stm32f4xx_it.o(i.UART5_IRQHandler) refers to stm32f4xx_usart.o(i.USART_GetITStatus) for USART_GetITStatus
    stm32f4xx_it.o(i.UART5_IRQHandler) refers to stm32f4xx_usart.o(i.USART_ClearITPendingBit) for USART_ClearITPendingBit
    stm32f4xx_it.o(i.UART5_IRQHandler) refers to stm32f4xx_usart.o(i.USART_ReceiveData) for USART_ReceiveData
    stm32f4xx_it.o(i.UART5_IRQHandler) refers to stm32f4xx_it.o(.data) for count
    stm32f4xx_it.o(i.UART5_IRQHandler) refers to stm32f4xx_it.o(.bss) for instruct
    stm32f4xx_it.o(i.USART3_IRQHandler) refers to stm32f4xx_usart.o(i.USART_GetITStatus) for USART_GetITStatus
    stm32f4xx_it.o(i.USART3_IRQHandler) refers to stm32f4xx_usart.o(i.USART_ClearITPendingBit) for USART_ClearITPendingBit
    stm32f4xx_it.o(i.USART3_IRQHandler) refers to stm32f4xx_usart.o(i.USART_ReceiveData) for USART_ReceiveData
    stm32f4xx_it.o(i.getChainCode) refers to stm32f4xx_it.o(.constdata) for pElmoPos
    stm32f4xx_it.o(i.getChainVel) refers to stm32f4xx_it.o(.constdata) for pElmoVel
    stm32f4xx_it.o(i.getIntrctOrder) refers to stm32f4xx_it.o(.data) for intrctOrder
    stm32f4xx_it.o(i.getPInstruct) refers to stm32f4xx_it.o(.constdata) for pInstruct
    stm32f4xx_it.o(i.getTimeFlag) refers to stm32f4xx_it.o(.data) for timeFlag
    stm32f4xx_it.o(.ARM.exidx) refers to stm32f4xx_it.o(i.CAN1_RX0_IRQHandler) for i.CAN1_RX0_IRQHandler
    stm32f4xx_it.o(.ARM.exidx) refers to unwind_pr0.o(.text) for __aeabi_unwind_cpp_pr0
[...]
    ..\Action_User\gpio.c                    0x00000000   Number         0  gpio.o ABSOLUTE
    ..\Action_User\main.c                    0x00000000   Number         0  main.o ABSOLUTE
    ..\Action_User\pose_plan.c               0x00000000   Number         0  pose_plan.o ABSOLUTE
    ..\Action_User\route_ctr.c               0x00000000   Number         0  route_ctr.o ABSOLUTE
    ..\Action_User\stm32f4xx_it.c            0x00000000   Number         0  stm32f4xx_it.o ABSOLUTE
    ..\Action_User\timer.c                   0x00000000   Number         0  timer.o ABSOLUTE
    ..\Action_User\usart.c                   0x00000000   Number         0  usart.o ABSOLUTE
    ..\FastMathFunctions\arm_cos_f32.c       0x00000000   Number         0  arm_cos_f32.o ABSOLUTE
    ..\FastMathFunctions\arm_sin_f32.c       0x00000000   Number         0  arm_sin_f32.o ABSOLUTE
    ..\Libraries\CMSIS\startup\startup_stm32f4xx.s 0x00000000   Number         0  startup_stm32f4xx.o ABSOLUTE
    ..\Libraries\CMSIS\system_stm32f4xx.c    0x00000000   Number         0  system_stm32f4xx.o ABSOLUTE
    ..\Libraries\STM32F4xx_StdPeriph_Driver\src\misc.c 0x00000000   Number         0  misc.o ABSOLUTE
    ..\Libraries\STM32F4xx_StdPeriph_Driver\src\stm32f4xx_adc.c 0x00000000   Number         0  stm32f4xx_adc.o ABSOLUTE
    ..\Libraries\STM32F4xx_StdPeriph_Driver\src\stm32f4xx_can.c 0x00000000   Number         0  stm32f4xx_can.o ABSOLUTE
    ..\Libraries\STM32F4xx_StdPeriph_Driver\src\stm32f4xx_crc.c 0x00000000   Number         0  stm32f4xx_crc.o ABSOLUTE
    ..\Libraries\STM32F4xx_StdPeriph_Driver\src\stm32f4xx_cryp.c 0x00000000   Number         0  stm32f4xx_cryp.o ABSOLUTE
    ..\Libraries\STM32F4xx_StdPeriph_Driver\src\stm32f4xx_cryp_aes.c 0x00000000   Number         0  stm32f4xx_cryp_aes.o ABSOLUTE
    ..\Libraries\STM32F4xx_StdPeriph_Driver\src\stm32f4xx_cryp_des.c 0x00000000   Number         0  stm32f4xx_cryp_des.o ABSOLUTE
    ..\Libraries\STM32F4xx_StdPeriph_Driver\src\stm32f4xx_cryp_tdes.c 0x00000000   Number         0  stm32f4xx_cryp_tdes.o ABSOLUTE
    ..\Libraries\STM32F4xx_StdPeriph_Driver\src\stm32f4xx_dac.c 0x00000000   Number         0  stm32f4xx_dac.o ABSOLUTE
    ..\Libraries\STM32F4xx_StdPeriph_Driver\src\stm32f4xx_dbgmcu.c 0x00000000   Number         0  stm32f4xx_dbgmcu.o ABSOLUTE
    ..\Libraries\STM32F4xx_StdPeriph_Driver\src\stm32f4xx_dcmi.c 0x00000000   Number         0  stm32f4xx_dcmi.o ABSOLUTE
    ..\Libraries\STM32F4xx_StdPeriph_Driver\src\stm32f4xx_dma.c 0x00000000   Number         0  stm32f4xx_dma.o ABSOLUTE
    ..\Libraries\STM32F4xx_StdPeriph_Driver\src\stm32f4xx_exti.c 0x00000000   Number         0  stm32f4xx_exti.o ABSOLUTE
    ..\Libraries\STM32F4xx_StdPeriph_Driver\src\stm32f4xx_flash.c 0x00000000   Number         0  stm32f4xx_flash.o ABSOLUTE
    ..\Libraries\STM32F4xx_StdPeriph_Driver\src\stm32f4xx_fsmc.c 0x00000000   Number         0  stm32f4xx_fsmc.o ABSOLUTE
    ..\Libraries\STM32F4xx_StdPeriph_Driver\src\stm32f4xx_gpio.c 0x00000000   Number         0  stm32f4xx_gpio.o ABSOLUTE
    ..\Libraries\STM32F4xx_StdPeriph_Driver\src\stm32f4xx_hash.c 0x00000000   Number         0  stm32f4xx_hash.o ABSOLUTE
    ..\Libraries\STM32F4xx_StdPeriph_Driver\src\stm32f4xx_hash_md5.c 0x00000000   Number         0  stm32f4xx_hash_md5.o ABSOLUTE
    ..\Libraries\STM32F4xx_StdPeriph_Driver\src\stm32f4xx_hash_sha1.c 0x00000000   Number         0  stm32f4xx_hash_sha1.o ABSOLUTE
    ..\Libraries\STM32F4xx_StdPeriph_Driver\src\stm32f4xx_i2c.c 0x00000000   Number         0  stm32f4xx_i2c.o ABSOLUTE
    ..\Libraries\STM32F4xx_StdPeriph_Driver\src\stm32f4xx_iwdg.c 0x00000000   Number         0  stm32f4xx_iwdg.o ABSOLUTE
    ..\Libraries\STM32F4xx_StdPeriph_Driver\src\stm32f4xx_pwr.c 0x00000000   Number         0  stm32f4xx_pwr.o ABSOLUTE
    ..\Libraries\STM32F4xx_StdPeriph_Driver\src\stm32f4xx_rcc.c 0x00000000   Number         0  stm32f4xx_rcc.o ABSOLUTE
    ..\Libraries\STM32F4xx_StdPeriph_Driver\src\stm32f4xx_rng.c 0x00000000   Number         0  stm32f4xx_rng.o ABSOLUTE
    ..\Libraries\STM32F4xx_StdPeriph_Driver\src\stm32f4xx_rtc.c 0x00000000   Number         0  stm32f4xx_rtc.o ABSOLUTE
    ..\Libraries\STM32F4xx_StdPeriph_Driver\src\stm32f4xx_sdio.c 0x00000000   Number         0  stm32f4xx_sdio.o ABSOLUTE
    ..\Libraries\STM32F4xx_StdPeriph_Driver\src\stm32f4xx_spi.c 0x00000000   Number         0  stm32f4xx_spi.o ABSOLUTE
    ..\Libraries\STM32F4xx_StdPeriph_Driver\src\stm32f4xx_syscfg.c 0x00000000   Number         0  stm32f4xx_syscfg.o ABSOLUTE
    ..\Libraries\STM32F4xx_StdPeriph_Driver\src\stm32f4xx_tim.c 0x00000000   Number         0  stm32f4xx_tim.o ABSOLUTE
    ..\Libraries\STM32F4xx_StdPeriph_Driver\src\stm32f4xx_usart.c 0x00000000   Number         0  stm32f4xx_usart.o ABSOLUTE
    ..\Libraries\STM32F4xx_StdPeriph_Driver\src\stm32f4xx_wwdg.c 0x00000000   Number         0  stm32f4xx_wwdg.o ABSOLUTE
    ..\MatrixFunctions\arm_mat_init_f32.c    0x00000000   Number         0  arm_mat_init_f32.o ABSOLUTE
    ..\MatrixFunctions\arm_mat_inverse_f32.c 0x00000000   Number         0  arm_mat_inverse_f32.o ABSOLUTE
    ..\MatrixFunctions\arm_mat_mult_f32.c    0x00000000   Number         0  arm_mat_mult_f32.o ABSOLUTE
    ..\\Action_User\\can.c                   0x00000000   Number         0  can.o ABSOLUTE
    ..\\Action_User\\elmo.c                  0x00000000   Number         0  elmo.o ABSOLUTE
    ..\\Action_User\\gpio.c                  0x00000000   Number         0  gpio.o ABSOLUTE
    ..\\Action_User\\main.c                  0x00000000   Number         0  main.o ABSOLUTE
    ..\\Action_User\\pose_plan.c             0x00000000   Number         0  pose_plan.o ABSOLUTE
    ..\\Action_User\\route_ctr.c             0x00000000   Number         0  route_ctr.o ABSOLUTE
    ..\\Action_User\\stm32f4xx_it.c          0x00000000   Number         0  stm32f4xx_it.o ABSOLUTE
    ..\\Action_User\\timer.c                 0x00000000   Number         0  timer.o ABSOLUTE
    ..\\Action_User\\usart.c                 0x00000000   Number         0  usart.o ABSOLUTE
    ..\\FastMathFunctions\\arm_cos_f32.c     0x00000000   Number         0  arm_cos_f32.o ABSOLUTE
    ..\\FastMathFunctions\\arm_sin_f32.c     0x00000000   Number         0  arm_sin_f32.o ABSOLUTE
    ..\\Libraries\\CMSIS\\system_stm32f4xx.c 0x00000000   Number         0  system_stm32f4xx.o ABSOLUTE
    ..\\Libraries\\STM32F4xx_StdPeriph_Driver\\src\\misc.c 0x00000000   Number         0  misc.o ABSOLUTE
    ..\\Libraries\\STM32F4xx_StdPeriph_Driver\\src\\stm32f4xx_adc.c 0x00000000   Number         0  stm32f4xx_adc.o ABSOLUTE
    ..\\Libraries\\STM32F4xx_StdPeriph_Driver\\src\\stm32f4xx_can.c 0x00000000   Number         0  stm32f4xx_can.o ABSOLUTE
    ..\\Libraries\\STM32F4xx_StdPeriph_Driver\\src\\stm32f4xx_crc.c 0x00000000   Number         0  stm32f4xx_crc.o ABSOLUTE
    ..\\Libraries\\STM32F4xx_StdPeriph_Driver\\src\\stm32f4xx_cryp.c 0x00000000   Number         0  stm32f4xx_cryp.o ABSOLUTE
    ..\\Libraries\\STM32F4xx_StdPeriph_Driver\\src\\stm32f4xx_cryp_aes.c 0x00000000   Number         0  stm32f4xx_cryp_aes.o ABSOLUTE
    ..\\Libraries\\STM32F4xx_StdPeriph_Driver\\src\\stm32f4xx_cryp_des.c 0x00000000   Number         0  stm32f4xx_cryp_des.o ABSOLUTE
    ..\\Libraries\\STM32F4xx_StdPeriph_Driver\\src\\stm32f4xx_cryp_tdes.c 0x00000000   Number         0  stm32f4xx_cryp_tdes.o ABSOLUTE
    ..\\Libraries\\STM32F4xx_StdPeriph_Driver\\src\\stm32f4xx_dac.c 0x00000000   Number         0  stm32f4xx_dac.o ABSOLUTE
    ..\\Libraries\\STM32F4xx_StdPeriph_Driver\\src\\stm32f4xx_dbgmcu.c 0x00000000   Number         0  stm32f4xx_dbgmcu.o ABSOLUTE
    ..\\Libraries\\STM32F4xx_StdPeriph_Driver\\src\\stm32f4xx_dcmi.c 0x00000000   Number         0  stm32f4xx_dcmi.o ABSOLUTE
    ..\\Libraries\\STM32F4xx_StdPeriph_Driver\\src\\stm32f4xx_dma.c 0x00000000   Number         0  stm32f4xx_dma.o ABSOLUTE
    ..\\Libraries\\STM32F4xx_StdPeriph_Driver\\src\\stm32f4xx_exti.c 0x00000000   Number         0  stm32f4xx_exti.o ABSOLUTE
    ..\\Libraries\\STM32F4xx_StdPeriph_Driver\\src\\stm32f4xx_flash.c 0x00000000   Number         0  stm32f4xx_flash.o ABSOLUTE
    ..\\Libraries\\STM32F4xx_StdPeriph_Driver\\src\\stm32f4xx_fsmc.c 0x00000000   Number         0  stm32f4xx_fsmc.o ABSOLUTE
    ..\\Libraries\\STM32F4xx_StdPeriph_Driver\\src\\stm32f4xx_gpio.c 0x00000000   Number         0  stm32f4xx_gpio.o ABSOLUTE
    ..\\Libraries\\STM32F4xx_StdPeriph_Driver\\src\\stm32f4xx_hash.c 0x00000000   Number         0  stm32f4xx_hash.o ABSOLUTE
    ..\\Libraries\\STM32F4xx_StdPeriph_Driver\\src\\stm32f4xx_hash_md5.c 0x00000000   Number         0  stm32f4xx_hash_md5.o ABSOLUTE
    ..\\Libraries\\STM32F4xx_StdPeriph_Driver\\src\\stm32f4xx_hash_sha1.c 0x00000000   Number         0  stm32f4xx_hash_sha1.o ABSOLUTE
    ..\\Libraries\\STM32F4xx_StdPeriph_Driver\\src\\stm32f4xx_i2c.c 0x00000000   Number         0  stm32f4xx_i2c.o ABSOLUTE
    ..\\Libraries\\STM32F4xx_StdPeriph_Driver\\src\\stm32f4xx_iwdg.c 0x00000000   Number         0  stm32f4xx_iwdg.o ABSOLUTE
    ..\\Libraries\\STM32F4xx_StdPeriph_Driver\\src\\stm32f4xx_pwr.c 0x00000000   Number         0  stm32f4xx_pwr.o ABSOLUTE
    ..\\Libraries\\STM32F4xx_StdPeriph_Driver\\src\\stm32f4xx_rcc.c 0x00000000   Number         0  stm32f4xx_rcc.o ABSOLUTE
    ..\\Libraries\\STM32F4xx_StdPeriph_Driver\\src\\stm32f4xx_rng.c 0x00000000   Number         0  stm32f4xx_rng.o ABSOLUTE
    ..\\Libraries\\STM32F4xx_StdPeriph_Driver\\src\\stm32f4xx_rtc.c 0x00000000   Number         0  stm32f4xx_rtc.o ABSOLUTE
    ..\\Libraries\\STM32F4xx_StdPeriph_Driver\\src\\stm32f4xx_sdio.c 0x00000000   Number         0  stm32f4xx_sdio.o ABSOLUTE
    ..\\Libraries\\STM32F4xx_StdPeriph_Driver\\src\\stm32f4xx_spi.c 0x00000000   Number         0  stm32f4xx_spi.o ABSOLUTE
    ..\\Libraries\\STM32F4xx_StdPeriph_Driver\\src\\stm32f4xx_syscfg.c 0x00000000   Number         0  stm32f4xx_syscfg.o ABSOLUTE
    ..\\Libraries\\STM32F4xx_StdPeriph_Driver\\src\\stm32f4xx_tim.c 0x00000000   Number         0  stm32f4xx_tim.o ABSOLUTE
    ..\\Libraries\\STM32F4xx_StdPeriph_Driver\\src\\stm32f4xx_usart.c 0x00000000   Number         0  stm32f4xx_usart.o ABSOLUTE
    ..\\Libraries\\STM32F4xx_StdPeriph_Driver\\src\\stm32f4xx_wwdg.c 0x00000000   Number         0  stm32f4xx_wwdg.o ABSOLUTE
    ..\\MatrixFunctions\\arm_mat_init_f32.c  0x00000000   Number         0  arm_mat_init_f32.o ABSOLUTE
    ..\\MatrixFunctions\\arm_mat_inverse_f32.c 0x00000000   Number         0  arm_mat_inverse_f32.o ABSOLUTE
    ..\\MatrixFunctions\\arm_mat_mult_f32.c  0x00000000   Number         0  arm_mat_mult_f32.o ABSOLUTE
    dc.s                                     0x00000000   Number         0  dc.o ABSOLUTE
    RESET                                    0x08000000   Section      392  startup_stm32f4xx.o(RESET)
    !!!main                                  0x08000188   Section        8  __main.o(!!!main)
    !!!scatter                               0x08000190   Section       52  __scatter.o(!!!scatter)
    !!handler_copy                           0x080001c4   Section       26  __scatter_copy.o(!!handler_copy)
    !!handler_zi                             0x080001e0   Section       28  __scatter_zi.o(!!handler_zi)
    .ARM.Collect$$libinit$$00000000          0x080001fc   Section        2  libinit.o(.ARM.Collect$$libinit$$00000000)
    .ARM.Collect$$libinit$$00000001          0x080001fe   Section        4  libinit2.o(.ARM.Collect$$libinit$$00000001)
    .ARM.Collect$$libinit$$00000004          0x08000202   Section        0  libinit2.o(.ARM.Collect$$libinit$$00000004)
    .ARM.Collect$$libinit$$0000000A          0x08000202   Section        0  libinit2.o(.ARM.Collect$$libinit$$0000000A)
    .ARM.Collect$$libinit$$0000000C          0x08000202   Section        0  libinit2.o(.ARM.Collect$$libinit$$0000000C)
    .ARM.Collect$$libinit$$0000000E          0x08000202   Section        0  libinit2.o(.ARM.Collect$$libinit$$0000000E)
    .ARM.Collect$$libinit$$00000011          0x08000202   Section        0  libinit2.o(.ARM.Collect$$libinit$$00000011)
    .ARM.Collect$$libinit$$00000013          0x08000202   Section        0  libinit2.o(.ARM.Collect$$libinit$$00000013)
    .ARM.Collect$$libinit$$00000015          0x08000202   Section        0  libinit2.o(.ARM.Collect$$libinit$$00000015)
    .ARM.Collect$$libinit$$00000017          0x08000202   Section        0  libinit2.o(.ARM.Collect$$libinit$$00000017)
    .ARM.Collect$$libinit$$00000019          0x08000202   Section        0  libinit2.o(.ARM.Collect$$libinit$$00000019)
    .ARM.Collect$$libinit$$0000001B          0x08000202   Section        0  libinit2.o(.ARM.Collect$$libinit$$0000001B)
    .ARM.Collect$$libinit$$0000001D          0x08000202   Section        0  libinit2.o(.ARM.Collect$$libinit$$0000001D)
    .ARM.Collect$$libinit$$0000001F          0x08000202   Section        0  libinit2.o(.ARM.Collect$$libinit$$0000001F)
    .ARM.Collect$$libinit$$00000021          0x08000202   Section        0  libinit2.o(.ARM.Collect$$libinit$$00000021)
    .ARM.Collect$$libinit$$00000023          0x08000202   Section        0  libinit2.o(.ARM.Collect$$libinit$$00000023)
    .ARM.Collect$$libinit$$00000025          0x08000202   Section        0  libinit2.o(.ARM.Collect$$libinit$$00000025)
    .ARM.Collect$$libinit$$0000002C          0x08000202   Section        0  libinit2.o(.ARM.Collect$$libinit$$0000002C)
    .ARM.Collect$$libinit$$0000002E          0x08000202   Section        0  libinit2.o(.ARM.Collect$$libinit$$0000002E)
    .ARM.Collect$$libinit$$00000030          0x08000202   Section        0  libinit2.o(.ARM.Collect$$libinit$$00000030)
    .ARM.Collect$$libinit$$00000032          0x08000202   Section        0  libinit2.o(.ARM.Collect$$libinit$$00000032)
    .ARM.Collect$$libinit$$00000033          0x08000202   Section        2  libinit2.o(.ARM.Collect$$libinit$$00000033)
    .ARM.Collect$$libshutdown$$00000000      0x08000204   Section        2  libshutdown.o(.ARM.Collect$$libshutdown$$00000000)
    .ARM.Collect$$libshutdown$$00000002      0x08000206   Section        0  libshutdown2.o(.ARM.Collect$$libshutdown$$00000002)
    .ARM.Collect$$libshutdown$$00000004      0x08000206   Section        0  libshutdown2.o(.ARM.Collect$$libshutdown$$00000004)
    .ARM.Collect$$libshutdown$$00000007      0x08000206   Section        0  libshutdown2.o(.ARM.Collect$$libshutdown$$00000007)
    .ARM.Collect$$libshutdown$$0000000A      0x08000206   Section        0  libshutdown2.o(.ARM.Collect$$libshutdown$$0000000A)
    .ARM.Collect$$libshutdown$$0000000C      0x08000206   Section        0  libshutdown2.o(.ARM.Collect$$libshutdown$$0000000C)
    .ARM.Collect$$libshutdown$$0000000F      0x08000206   Section        0  libshutdown2.o(.ARM.Collect$$libshutdown$$0000000F)
    .ARM.Collect$$libshutdown$$00000010      0x08000206   Section        2  libshutdown2.o(.ARM.Collect$$libshutdown$$00000010)
    .ARM.Collect$$rtentry$$00000000          0x08000208   Section        0  __rtentry.o(.ARM.Collect$$rtentry$$00000000)
    .ARM.Collect$$rtentry$$00000002          0x08000208   Section        0  __rtentry2.o(.ARM.Collect$$rtentry$$00000002)
    .ARM.Collect$$rtentry$$00000004          0x08000208   Section        6  __rtentry4.o(.ARM.Collect$$rtentry$$00000004)
    .ARM.Collect$$rtentry$$00000009          0x0800020e   Section        0  __rtentry2.o(.ARM.Collect$$rtentry$$00000009)
    .ARM.Collect$$rtentry$$0000000A          0x0800020e   Section        4  __rtentry2.o(.ARM.Collect$$rtentry$$0000000A)
    .ARM.Collect$$rtentry$$0000000C          0x08000212   Section        0  __rtentry2.o(.ARM.Collect$$rtentry$$0000000C)
    .ARM.Collect$$rtentry$$0000000D          0x08000212   Section        8  __rtentry2.o(.ARM.Collect$$rtentry$$0000000D)
    .ARM.Collect$$rtexit$$00000000           0x0800021a   Section        2  rtexit.o(.ARM.Collect$$rtexit$$00000000)
    .ARM.Collect$$rtexit$$00000002           0x0800021c   Section        0  rtexit2.o(.ARM.Collect$$rtexit$$00000002)
    .ARM.Collect$$rtexit$$00000003           0x0800021c   Section        4  rtexit2.o(.ARM.Collect$$rtexit$$00000003)
    .ARM.Collect$$rtexit$$00000004           0x08000220   Section        6  rtexit2.o(.ARM.Collect$$rtexit$$00000004)
    .text                                    0x08000228   Section       64  startup_stm32f4xx.o(.text)
    $v0                                      0x08000228   Number         0  startup_stm32f4xx.o(.text)
    .text                                    0x08000268   Section        0  arm_cos_f32.o(.text)
    .text                                    0x08000340   Section        0  arm_sin_f32.o(.text)
    .text                                    0x08000418   Section        0  arm_mat_init_f32.o(.text)
    .text                                    0x08000420   Section        0  arm_mat_inverse_f32.o(.text)
    .text                                    0x08000920   Section        0  arm_mat_mult_f32.o(.text)
    .text                                    0x08000a18   Section      100  rt_memcpy_w.o(.text)
    .text                                    0x08000a7c   Section       78  rt_memclr_w.o(.text)
    .text                                    0x08000aca   Section        0  heapauxi.o(.text)
    .text                                    0x08000ad0   Section        0  _rserrno.o(.text)
    .text                                    0x08000ae8   Section        8  rt_errno_addr_intlibspace.o(.text)
    .text                                    0x08000af0   Section        8  libspace.o(.text)
    .text                                    0x08000af8   Section       74  sys_stackheap_outer.o(.text)
    .text                                    0x08000b42   Section        0  exit.o(.text)
    .text                                    0x08000b54   Section        0  sys_exit.o(.text)
    .text                                    0x08000b60   Section        2  use_no_semi.o(.text)
    .text                                    0x08000b62   Section        0  indicate_semi.o(.text)
    i.AngularVelUpdate                       0x08000b64   Section        0  pose_plan.o(i.AngularVelUpdate)
    i.BusFault_Handler                       0x08000e58   Section        0  stm32f4xx_it.o(i.BusFault_Handler)
    i.CAN1_RX0_IRQHandler                    0x08000e5c   Section        0  stm32f4xx_it.o(i.CAN1_RX0_IRQHandler)
    i.CAN_ClearFlag                          0x08000f84   Section        0  stm32f4xx_can.o(i.CAN_ClearFlag)
    i.CAN_Config                             0x08000fbc   Section        0  can.o(i.CAN_Config)
    i.CAN_DeInit                             0x0800136c   Section        0  stm32f4xx_can.o(i.CAN_DeInit)
    i.CAN_FilterInit                         0x080013a4   Section        0  stm32f4xx_can.o(i.CAN_FilterInit)
    i.CAN_ITConfig                           0x080014ac   Section        0  stm32f4xx_can.o(i.CAN_ITConfig)
    i.CAN_Init                               0x080014be   Section        0  stm32f4xx_can.o(i.CAN_Init)
    i.CAN_MessagePending                     0x080015d2   Section        0  stm32f4xx_can.o(i.CAN_MessagePending)
    i.CAN_Receive                            0x080015f0   Section        0  stm32f4xx_can.o(i.CAN_Receive)
    i.CAN_RxMsg                              0x080016e0   Section        0  can.o(i.CAN_RxMsg)
    i.ChainUpdateByBase                      0x08001728   Section        0  pose_plan.o(i.ChainUpdateByBase)
    i.DebugMon_Handler                       0x08001bd8   Section        0  stm32f4xx_it.o(i.DebugMon_Handler)
    i.GPIO_Init                              0x08001bda   Section        0  stm32f4xx_gpio.o(i.GPIO_Init)
    i.GPIO_Init_Pins                         0x08001c6a   Section        0  gpio.o(i.GPIO_Init_Pins)
    i.GPIO_PinAFConfig                       0x08001d12   Section        0  stm32f4xx_gpio.o(i.GPIO_PinAFConfig)
    i.HardFault_Handler                      0x08001d58   Section        0  stm32f4xx_it.o(i.HardFault_Handler)
    i.KeyInit                                0x08001d5c   Section        0  gpio.o(i.KeyInit)
    i.MemManage_Handler                      0x08001d70   Section        0  stm32f4xx_it.o(i.MemManage_Handler)
    i.NMI_Handler                            0x08001d74   Section        0  stm32f4xx_it.o(i.NMI_Handler)
    i.NVIC_Init                              0x08001d78   Section        0  misc.o(i.NVIC_Init)
    i.NVIC_PriorityGroupConfig               0x08001df0   Section        0  misc.o(i.NVIC_PriorityGroupConfig)
    i.RCC_AHB1PeriphClockCmd                 0x08001e04   Section        0  stm32f4xx_rcc.o(i.RCC_AHB1PeriphClockCmd)
    i.RCC_APB1PeriphClockCmd                 0x08001e24   Section        0  stm32f4xx_rcc.o(i.RCC_APB1PeriphClockCmd)
    i.RCC_APB1PeriphResetCmd                 0x08001e44   Section        0  stm32f4xx_rcc.o(i.RCC_APB1PeriphResetCmd)
    i.RCC_APB2PeriphClockCmd                 0x08001e64   Section        0  stm32f4xx_rcc.o(i.RCC_APB2PeriphClockCmd)
    i.RCC_GetClocksFreq                      0x08001e84   Section        0  stm32f4xx_rcc.o(i.RCC_GetClocksFreq)
    i.RouteControl                           0x08001f6c   Section        0  route_ctr.o(i.RouteControl)
    i.SVC_Handler                            0x08001fc4   Section        0  stm32f4xx_it.o(i.SVC_Handler)
    i.SetSysClock                            0x08001fc8   Section        0  system_stm32f4xx.o(i.SetSysClock)
    SetSysClock                              0x08001fc9   Thumb Code   220  system_stm32f4xx.o(i.SetSysClock)
    i.SystemInit                             0x080020b4   Section        0  system_stm32f4xx.o(i.SystemInit)
    i.TIM1_UP_TIM10_IRQHandler               0x0800211c   Section        0  stm32f4xx_it.o(i.TIM1_UP_TIM10_IRQHandler)
    i.TIM2_IRQHandler                        0x08002138   Section        0  stm32f4xx_it.o(i.TIM2_IRQHandler)
    i.TIM3_IRQHandler                        0x08002184   Section        0  stm32f4xx_it.o(i.TIM3_IRQHandler)
    i.TIM4_IRQHandler                        0x080021a0   Section        0  stm32f4xx_it.o(i.TIM4_IRQHandler)
    i.TIM5_IRQHandler                        0x080021bc   Section        0  stm32f4xx_it.o(i.TIM5_IRQHandler)
    i.TIM8_UP_TIM13_IRQHandler               0x080021d8   Section        0  stm32f4xx_it.o(i.TIM8_UP_TIM13_IRQHandler)
    i.TIM_ClearITPendingBit                  0x080021f4   Section        0  stm32f4xx_tim.o(i.TIM_ClearITPendingBit)
    i.TIM_Cmd                                0x080021fa   Section        0  stm32f4xx_tim.o(i.TIM_Cmd)
    i.TIM_GetITStatus                        0x08002212   Section        0  stm32f4xx_tim.o(i.TIM_GetITStatus)
    i.TIM_ITConfig                           0x08002234   Section        0  stm32f4xx_tim.o(i.TIM_ITConfig)
    i.TIM_Init                               0x08002248   Section        0  timer.o(i.TIM_Init)
    i.TIM_TimeBaseInit                       0x0800240c   Section        0  stm32f4xx_tim.o(i.TIM_TimeBaseInit)
    i.UART5_IRQHandler                       0x08002490   Section        0  stm32f4xx_it.o(i.UART5_IRQHandler)
    i.UART5_Init                             0x080027ec   Section        0  usart.o(i.UART5_Init)
    i.USART3_IRQHandler                      0x080028b4   Section        0  stm32f4xx_it.o(i.USART3_IRQHandler)
    i.USART3_Init                            0x080028e0   Section        0  usart.o(i.USART3_Init)
    i.USART_ClearITPendingBit                0x080029a4   Section        0  stm32f4xx_usart.o(i.USART_ClearITPendingBit)
    i.USART_Cmd                              0x080029c2   Section        0  stm32f4xx_usart.o(i.USART_Cmd)
    i.USART_GetITStatus                      0x080029da   Section        0  stm32f4xx_usart.o(i.USART_GetITStatus)
    i.USART_ITConfig                         0x08002a2e   Section        0  stm32f4xx_usart.o(i.USART_ITConfig)
    i.USART_Init                             0x08002a78   Section        0  stm32f4xx_usart.o(i.USART_Init)
    i.USART_ReceiveData                      0x08002b4c   Section        0  stm32f4xx_usart.o(i.USART_ReceiveData)
    i.UsageFault_Handler                     0x08002b56   Section        0  stm32f4xx_it.o(i.UsageFault_Handler)
    i.VelocityUpdate                         0x08002b5c   Section        0  pose_plan.o(i.VelocityUpdate)
    i.__ARM_fpclassify                       0x08002e60   Section        0  fpclassify.o(i.__ARM_fpclassify)
    i.__ARM_fpclassifyf                      0x08002e90   Section        0  fpclassifyf.o(i.__ARM_fpclassifyf)
    i.__hardfp_atan2f                        0x08002eb8   Section        0  atan2f.o(i.__hardfp_atan2f)
    i.__hardfp_fabs                          0x08003108   Section        0  fabs.o(i.__hardfp_fabs)
    i.__hardfp_pow                           0x08003120   Section        0  pow.o(i.__hardfp_pow)
    i.__kernel_poly                          0x08003d70   Section        0  poly.o(i.__kernel_poly)
    i.__mathlib_dbl_divzero                  0x08003e68   Section        0  dunder.o(i.__mathlib_dbl_divzero)
    i.__mathlib_dbl_infnan2                  0x08003e98   Section        0  dunder.o(i.__mathlib_dbl_infnan2)
    i.__mathlib_dbl_invalid                  0x08003eb0   Section        0  dunder.o(i.__mathlib_dbl_invalid)
    i.__mathlib_dbl_overflow                 0x08003ed0   Section        0  dunder.o(i.__mathlib_dbl_overflow)
    i.__mathlib_dbl_underflow                0x08003ef0   Section        0  dunder.o(i.__mathlib_dbl_underflow)
    i.__mathlib_flt_infnan2                  0x08003f10   Section        0  funder.o(i.__mathlib_flt_infnan2)
    i.__mathlib_flt_underflow                0x08003f18   Section        0  funder.o(i.__mathlib_flt_underflow)
    i.fabs                                   0x08003f28   Section        0  fabs.o(i.fabs)
    i.getTimeFlag                            0x08003f40   Section        0  stm32f4xx_it.o(i.getTimeFlag)
    i.init                                   0x08003f80   Section        0  main.o(i.init)
    i.main                                   0x08003fd4   Section        0  main.o(i.main)
    i.sqrt                                   0x08003fec   Section        0  sqrt.o(i.sqrt)
    x$fpl$basic                              0x0800405a   Section       24  basic.o(x$fpl$basic)
    $v0                                      0x0800405a   Number         0  basic.o(x$fpl$basic)
    x$fpl$d2f                                0x08004074   Section       98  d2f.o(x$fpl$d2f)
    $v0                                      0x08004074   Number         0  d2f.o(x$fpl$d2f)
    x$fpl$dadd                               0x080040d8   Section      336  daddsub_clz.o(x$fpl$dadd)
    $v0                                      0x080040d8   Number         0  daddsub_clz.o(x$fpl$dadd)
    _dadd1                                   0x080040e9   Thumb Code     0  daddsub_clz.o(x$fpl$dadd)
    x$fpl$dcheck1                            0x08004228   Section       16  dcheck1.o(x$fpl$dcheck1)
    $v0                                      0x08004228   Number         0  dcheck1.o(x$fpl$dcheck1)
    x$fpl$dcmpinf                            0x08004238   Section       24  dcmpi.o(x$fpl$dcmpinf)
    $v0                                      0x08004238   Number         0  dcmpi.o(x$fpl$dcmpinf)
    x$fpl$ddiv                               0x08004250   Section      688  ddiv.o(x$fpl$ddiv)
    $v0                                      0x08004250   Number         0  ddiv.o(x$fpl$ddiv)
    ddiv_entry                               0x08004257   Thumb Code     0  ddiv.o(x$fpl$ddiv)
    x$fpl$dflt                               0x08004500   Section       46  dflt_clz.o(x$fpl$dflt)
    $v0                                      0x08004500   Number         0  dflt_clz.o(x$fpl$dflt)
    x$fpl$dleqf                              0x08004530   Section      120  dleqf.o(x$fpl$dleqf)
    $v0                                      0x08004530   Number         0  dleqf.o(x$fpl$dleqf)
    x$fpl$dmul                               0x080045a8   Section      340  dmul.o(x$fpl$dmul)
    $v0                                      0x080045a8   Number         0  dmul.o(x$fpl$dmul)
    x$fpl$dnaninf                            0x080046fc   Section      156  dnaninf.o(x$fpl$dnaninf)
    $v0                                      0x080046fc   Number         0  dnaninf.o(x$fpl$dnaninf)
    x$fpl$dretinf                            0x08004798   Section       12  dretinf.o(x$fpl$dretinf)
    $v0                                      0x08004798   Number         0  dretinf.o(x$fpl$dretinf)
    x$fpl$drleqf                             0x080047a4   Section      108  drleqf.o(x$fpl$drleqf)
    $v0                                      0x080047a4   Number         0  drleqf.o(x$fpl$drleqf)
    x$fpl$drsb                               0x08004810   Section       22  daddsub_clz.o(x$fpl$drsb)
    $v0                                      0x08004810   Number         0  daddsub_clz.o(x$fpl$drsb)
    x$fpl$dsqrt                              0x08004828   Section      408  dsqrt_umaal.o(x$fpl$dsqrt)
    $v0                                      0x08004828   Number         0  dsqrt_umaal.o(x$fpl$dsqrt)
    x$fpl$dsub                               0x080049c0   Section      468  daddsub_clz.o(x$fpl$dsub)
    $v0                                      0x080049c0   Number         0  daddsub_clz.o(x$fpl$dsub)
    _dsub1                                   0x080049d1   Thumb Code     0  daddsub_clz.o(x$fpl$dsub)
    x$fpl$f2d                                0x08004b94   Section       86  f2d.o(x$fpl$f2d)
    $v0                                      0x08004b94   Number         0  f2d.o(x$fpl$f2d)
    x$fpl$fnaninf                            0x08004bea   Section      140  fnaninf.o(x$fpl$fnaninf)
    $v0                                      0x08004bea   Number         0  fnaninf.o(x$fpl$fnaninf)
    x$fpl$fpinit                             0x08004c76   Section       10  fpinit.o(x$fpl$fpinit)
    $v0                                      0x08004c76   Number         0  fpinit.o(x$fpl$fpinit)
    x$fpl$fretinf                            0x08004c80   Section       10  fretinf.o(x$fpl$fretinf)
    $v0                                      0x08004c80   Number         0  fretinf.o(x$fpl$fretinf)
    x$fpl$retnan                             0x08004c8a   Section      100  retnan.o(x$fpl$retnan)
    $v0                                      0x08004c8a   Number         0  retnan.o(x$fpl$retnan)
    x$fpl$scalbn                             0x08004cee   Section       92  scalbn.o(x$fpl$scalbn)
    $v0                                      0x08004cee   Number         0  scalbn.o(x$fpl$scalbn)
    x$fpl$trapveneer                         0x08004d4a   Section       48  trapv.o(x$fpl$trapveneer)
    $v0                                      0x08004d4a   Number         0  trapv.o(x$fpl$trapveneer)
    x$fpl$usenofp                            0x08004d7a   Section        0  usenofp.o(x$fpl$usenofp)
    .constdata                               0x08004d7c   Section       84  pose_plan.o(.constdata)
    .constdata                               0x08004dd0   Section     1040  arm_cos_f32.o(.constdata)
    cosTable                                 0x08004dd0   Data        1040  arm_cos_f32.o(.constdata)
    .constdata                               0x080051e0   Section     1036  arm_sin_f32.o(.constdata)
    sinTable                                 0x080051e0   Data        1036  arm_sin_f32.o(.constdata)
    .constdata                               0x080055f0   Section      136  pow.o(.constdata)
    bp                                       0x080055f0   Data          16  pow.o(.constdata)
    dp_h                                     0x08005600   Data          16  pow.o(.constdata)
    dp_l                                     0x08005610   Data          16  pow.o(.constdata)
    L                                        0x08005620   Data          48  pow.o(.constdata)
    P                                        0x08005650   Data          40  pow.o(.constdata)
    .constdata                               0x08005678   Section        8  qnan.o(.constdata)
    .data                                    0x20000000   Section       26  stm32f4xx_it.o(.data)
    timeCount                                0x20000000   Data           2  stm32f4xx_it.o(.data)
    timeFlag                                 0x20000002   Data           1  stm32f4xx_it.o(.data)
    cpuUsage                                 0x20000004   Data           2  stm32f4xx_it.o(.data)
    usageCount                               0x20000006   Data           2  stm32f4xx_it.o(.data)
    intrctEnd                                0x20000008   Data           1  stm32f4xx_it.o(.data)
    intrctOrder                              0x20000009   Data           1  stm32f4xx_it.o(.data)
    buffer                                   0x2000000a   Data           8  stm32f4xx_it.o(.data)
    StdId                                    0x20000014   Data           4  stm32f4xx_it.o(.data)
    lastFlag                                 0x20000018   Data           1  stm32f4xx_it.o(.data)
    count                                    0x20000019   Data           1  stm32f4xx_it.o(.data)
    .data                                    0x2000001c   Section       62  route_ctr.o(.data)
    gChainAngle                              0x2000001c   Data          12  route_ctr.o(.data)
    gBaseCenter_t                            0x20000028   Data          12  route_ctr.o(.data)
    gBaseCenterAim_t                         0x20000034   Data          12  route_ctr.o(.data)
    gTeachFinish                             0x20000040   Data           1  route_ctr.o(.data)
    gVelocity                                0x20000044   Data          12  route_ctr.o(.data)
    paraT                                    0x20000050   Data           4  route_ctr.o(.data)
    paraT                                    0x20000054   Data           4  route_ctr.o(.data)
    status                                   0x20000058   Data           1  route_ctr.o(.data)
    statusOld                                0x20000059   Data           1  route_ctr.o(.data)
    .data                                    0x2000005a   Section       16  stm32f4xx_rcc.o(.data)
    APBAHBPrescTable                         0x2000005a   Data          16  stm32f4xx_rcc.o(.data)
    .bss                                     0x2000006c   Section       39  stm32f4xx_it.o(.bss)
    ElmoVel                                  0x2000006c   Data          12  stm32f4xx_it.o(.bss)
    elmoPos                                  0x20000078   Data          12  stm32f4xx_it.o(.bss)
    instruct                                 0x20000084   Data          15  stm32f4xx_it.o(.bss)
    .bss                                     0x20000094   Section       72  route_ctr.o(.bss)
    gChainCodeAim                            0x20000094   Data          12  route_ctr.o(.bss)
    gChainCode                               0x200000a0   Data          12  route_ctr.o(.bss)
    gChainAngleAim                           0x200000ac   Data          12  route_ctr.o(.bss)
    gChainVel                                0x200000b8   Data          12  route_ctr.o(.bss)
    gAngularVel                              0x200000c4   Data          12  route_ctr.o(.bss)
    chainCodeLast                            0x200000d0   Data          12  route_ctr.o(.bss)
    .bss                                     0x200000dc   Section       96  libspace.o(.bss)
    HEAP                                     0x20000140   Section    16896  startup_stm32f4xx.o(HEAP)
    Heap_Mem                                 0x20000140   Data       16896  startup_stm32f4xx.o(HEAP)
    STACK                                    0x20004340   Section     1024  startup_stm32f4xx.o(STACK)
    Stack_Mem                                0x20004340   Data        1024  startup_stm32f4xx.o(STACK)
    __initial_sp                             0x20004740   Data           0  startup_stm32f4xx.o(STACK)

    Global Symbols

    Symbol Name                              Value     Ov Type        Size  Object(Section)

    BuildAttributes$$THM_ISAv4$E$P$D$K$B$S$7EM$VFPi3$EXTD16$VFPS$VFMA$PE$A:L22UL41UL21$X:L11$S22US41US21$IEEE1$IW$USESV6$~STKCKD$USESV7$~SHL$OTIME$ROPI$IEEEX$EBA8$UX$STANDARDLIB$REQ8$PRES8$EABIv2 0x00000000   Number         0  anon$$obj.o ABSOLUTE
    __ARM_use_no_argv                        0x00000000   Number         0  main.o ABSOLUTE
    SHT$$ARM_EXIDX$$Base                      - Undefined Reference
    SHT$$ARM_EXIDX$$Limit                     - Undefined Reference
    __ARM_exceptions_init                     - Undefined Weak Reference
    __aeabi_unwind_cpp_pr2                    - Undefined Weak Reference
    __alloca_initialize                       - Undefined Weak Reference
    __arm_preinit_                            - Undefined Weak Reference
    __cpp_initialize__aeabi_                  - Undefined Weak Reference
    __cxa_begin_cleanup                       - Undefined Weak Reference
    __cxa_call_unexpected                     - Undefined Weak Reference
    __cxa_finalize                            - Undefined Weak Reference
    __cxa_type_match                          - Undefined Weak Reference
    __sigvec_lookup                           - Undefined Weak Reference
    __user_heap_extent                        - Undefined Weak Reference
    _atexit_init                              - Undefined Weak Reference
    _call_atexit_fns                          - Undefined Weak Reference
    _clock_init                               - Undefined Weak Reference
    _fp_trap_init                             - Undefined Weak Reference
    _fp_trap_shutdown                         - Undefined Weak Reference
    _get_lc_collate                           - Undefined Weak Reference
    _get_lc_ctype                             - Undefined Weak Reference
    _get_lc_monetary                          - Undefined Weak Reference
    _get_lc_time                              - Undefined Weak Reference
    _getenv_init                              - Undefined Weak Reference
    _handle_redirection                       - Undefined Weak Reference
    _initio                                   - Undefined Weak Reference
    _mutex_acquire                            - Undefined Weak Reference
    _mutex_free                               - Undefined Weak Reference
    _mutex_release                            - Undefined Weak Reference
    _printf_post_padding                      - Undefined Weak Reference
    _printf_pre_padding                       - Undefined Weak Reference
    _rand_init                                - Undefined Weak Reference
    _signal_finish                            - Undefined Weak Reference
    _signal_init                              - Undefined Weak Reference
    _terminateio                              - Undefined Weak Reference
    __Vectors_Size                           0x00000188   Number         0  startup_stm32f4xx.o ABSOLUTE
    __Vectors                                0x08000000   Data           4  startup_stm32f4xx.o(RESET)
    __Vectors_End                            0x08000188   Data           0  startup_stm32f4xx.o(RESET)
    __main                                   0x08000189   Thumb Code     8  __main.o(!!!main)
    __scatterload                            0x08000191   Thumb Code     0  __scatter.o(!!!scatter)
    __scatterload_rt2                        0x08000191   Thumb Code    44  __scatter.o(!!!scatter)
    __scatterload_rt2_thumb_only             0x08000191   Thumb Code     0  __scatter.o(!!!scatter)
    __scatterload_null                       0x0800019f   Thumb Code     0  __scatter.o(!!!scatter)
    __scatterload_copy                       0x080001c5   Thumb Code    26  __scatter_copy.o(!!handler_copy)
    __scatterload_zeroinit                   0x080001e1   Thumb Code    28  __scatter_zi.o(!!handler_zi)
    __rt_lib_init                            0x080001fd   Thumb Code     0  libinit.o(.ARM.Collect$$libinit$$00000000)
    __rt_lib_init_fp_1                       0x080001ff   Thumb Code     0  libinit2.o(.ARM.Collect$$libinit$$00000001)
    __rt_lib_init_alloca_1                   0x08000203   Thumb Code     0  libinit2.o(.ARM.Collect$$libinit$$0000002E)
    __rt_lib_init_argv_1                     0x08000203   Thumb Code     0  libinit2.o(.ARM.Collect$$libinit$$0000002C)
    __rt_lib_init_atexit_1                   0x08000203   Thumb Code     0  libinit2.o(.ARM.Collect$$libinit$$0000001B)
    __rt_lib_init_clock_1                    0x08000203   Thumb Code     0  libinit2.o(.ARM.Collect$$libinit$$00000021)
    __rt_lib_init_cpp_1                      0x08000203   Thumb Code     0  libinit2.o(.ARM.Collect$$libinit$$00000032)
    __rt_lib_init_exceptions_1               0x08000203   Thumb Code     0  libinit2.o(.ARM.Collect$$libinit$$00000030)
    __rt_lib_init_fp_trap_1                  0x08000203   Thumb Code     0  libinit2.o(.ARM.Collect$$libinit$$0000001F)
    __rt_lib_init_getenv_1                   0x08000203   Thumb Code     0  libinit2.o(.ARM.Collect$$libinit$$00000023)
    __rt_lib_init_heap_1                     0x08000203   Thumb Code     0  libinit2.o(.ARM.Collect$$libinit$$0000000A)
    __rt_lib_init_lc_collate_1               0x08000203   Thumb Code     0  libinit2.o(.ARM.Collect$$libinit$$00000011)
    __rt_lib_init_lc_ctype_1                 0x08000203   Thumb Code     0  libinit2.o(.ARM.Collect$$libinit$$00000013)
    __rt_lib_init_lc_monetary_1              0x08000203   Thumb Code     0  libinit2.o(.ARM.Collect$$libinit$$00000015)
    __rt_lib_init_lc_numeric_1               0x08000203   Thumb Code     0  libinit2.o(.ARM.Collect$$libinit$$00000017)
    __rt_lib_init_lc_time_1                  0x08000203   Thumb Code     0  libinit2.o(.ARM.Collect$$libinit$$00000019)
    __rt_lib_init_preinit_1                  0x08000203   Thumb Code     0  libinit2.o(.ARM.Collect$$libinit$$00000004)
    __rt_lib_init_rand_1                     0x08000203   Thumb Code     0  libinit2.o(.ARM.Collect$$libinit$$0000000E)
    __rt_lib_init_return                     0x08000203   Thumb Code     0  libinit2.o(.ARM.Collect$$libinit$$00000033)
    __rt_lib_init_signal_1                   0x08000203   Thumb Code     0  libinit2.o(.ARM.Collect$$libinit$$0000001D)
    __rt_lib_init_stdio_1                    0x08000203   Thumb Code     0  libinit2.o(.ARM.Collect$$libinit$$00000025)
    __rt_lib_init_user_alloc_1               0x08000203   Thumb Code     0  libinit2.o(.ARM.Collect$$libinit$$0000000C)
    __rt_lib_shutdown                        0x08000205   Thumb Code     0  libshutdown.o(.ARM.Collect$$libshutdown$$00000000)
    __rt_lib_shutdown_cpp_1                  0x08000207   Thumb Code     0  libshutdown2.o(.ARM.Collect$$libshutdown$$00000002)
    __rt_lib_shutdown_fp_trap_1              0x08000207   Thumb Code     0  libshutdown2.o(.ARM.Collect$$libshutdown$$00000007)
    __rt_lib_shutdown_heap_1                 0x08000207   Thumb Code     0  libshutdown2.o(.ARM.Collect$$libshutdown$$0000000F)
    __rt_lib_shutdown_return                 0x08000207   Thumb Code     0  libshutdown2.o(.ARM.Collect$$libshutdown$$00000010)
    __rt_lib_shutdown_signal_1               0x08000207   Thumb Code     0  libshutdown2.o(.ARM.Collect$$libshutdown$$0000000A)
    __rt_lib_shutdown_stdio_1                0x08000207   Thumb Code     0  libshutdown2.o(.ARM.Collect$$libshutdown$$00000004)
    __rt_lib_shutdown_user_alloc_1           0x08000207   Thumb Code     0  libshutdown2.o(.ARM.Collect$$libshutdown$$0000000C)
    __rt_entry                               0x08000209   Thumb Code     0  __rtentry.o(.ARM.Collect$$rtentry$$00000000)
    __rt_entry_presh_1                       0x08000209   Thumb Code     0  __rtentry2.o(.ARM.Collect$$rtentry$$00000002)
    __rt_entry_sh                            0x08000209   Thumb Code     0  __rtentry4.o(.ARM.Collect$$rtentry$$00000004)
    __rt_entry_li                            0x0800020f   Thumb Code     0  __rtentry2.o(.ARM.Collect$$rtentry$$0000000A)
    __rt_entry_postsh_1                      0x0800020f   Thumb Code     0  __rtentry2.o(.ARM.Collect$$rtentry$$00000009)
    __rt_entry_main                          0x08000213   Thumb Code     0  __rtentry2.o(.ARM.Collect$$rtentry$$0000000D)
    __rt_entry_postli_1                      0x08000213   Thumb Code     0  __rtentry2.o(.ARM.Collect$$rtentry$$0000000C)
    __rt_exit                                0x0800021b   Thumb Code     0  rtexit.o(.ARM.Collect$$rtexit$$00000000)
    __rt_exit_ls                             0x0800021d   Thumb Code     0  rtexit2.o(.ARM.Collect$$rtexit$$00000003)
    __rt_exit_prels_1                        0x0800021d   Thumb Code     0  rtexit2.o(.ARM.Collect$$rtexit$$00000002)
    __rt_exit_exit                           0x08000221   Thumb Code     0  rtexit2.o(.ARM.Collect$$rtexit$$00000004)
    Reset_Handler                            0x08000229   Thumb Code     8  startup_stm32f4xx.o(.text)
    PendSV_Handler                           0x0800023f   Thumb Code     2  startup_stm32f4xx.o(.text)
    SysTick_Handler                          0x08000241   Thumb Code     2  startup_stm32f4xx.o(.text)
    ADC_IRQHandler                           0x08000243   Thumb Code     0  startup_stm32f4xx.o(.text)
    CAN1_RX1_IRQHandler                      0x08000243   Thumb Code     0  startup_stm32f4xx.o(.text)
    CAN1_SCE_IRQHandler                      0x08000243   Thumb Code     0  startup_stm32f4xx.o(.text)
    CAN1_TX_IRQHandler                       0x08000243   Thumb Code     0  startup_stm32f4xx.o(.text)
    CAN2_RX0_IRQHandler                      0x08000243   Thumb Code     0  startup_stm32f4xx.o(.text)
    CAN2_RX1_IRQHandler                      0x08000243   Thumb Code     0  startup_stm32f4xx.o(.text)
    CAN2_SCE_IRQHandler                      0x08000243   Thumb Code     0  startup_stm32f4xx.o(.text)
    CAN2_TX_IRQHandler                       0x08000243   Thumb Code     0  startup_stm32f4xx.o(.text)
    CRYP_IRQHandler                          0x08000243   Thumb Code     0  startup_stm32f4xx.o(.text)
    DCMI_IRQHandler                          0x08000243   Thumb Code     0  startup_stm32f4xx.o(.text)
    DMA1_Stream0_IRQHandler                  0x08000243   Thumb Code     0  startup_stm32f4xx.o(.text)
    DMA1_Stream1_IRQHandler                  0x08000243   Thumb Code     0  startup_stm32f4xx.o(.text)
    DMA1_Stream2_IRQHandler                  0x08000243   Thumb Code     0  startup_stm32f4xx.o(.text)
    DMA1_Stream3_IRQHandler                  0x08000243   Thumb Code     0  startup_stm32f4xx.o(.text)
    DMA1_Stream4_IRQHandler                  0x08000243   Thumb Code     0  startup_stm32f4xx.o(.text)
    DMA1_Stream5_IRQHandler                  0x08000243   Thumb Code     0  startup_stm32f4xx.o(.text)
    DMA1_Stream6_IRQHandler                  0x08000243   Thumb Code     0  startup_stm32f4xx.o(.text)
    DMA1_Stream7_IRQHandler                  0x08000243   Thumb Code     0  startup_stm32f4xx.o(.text)
    DMA2_Stream0_IRQHandler                  0x08000243   Thumb Code     0  startup_stm32f4xx.o(.text)
    DMA2_Stream1_IRQHandler                  0x08000243   Thumb Code     0  startup_stm32f4xx.o(.text)
    DMA2_Stream2_IRQHandler                  0x08000243   Thumb Code     0  startup_stm32f4xx.o(.text)
    DMA2_Stream3_IRQHandler                  0x08000243   Thumb Code     0  startup_stm32f4xx.o(.text)
    DMA2_Stream4_IRQHandler                  0x08000243   Thumb Code     0  startup_stm32f4xx.o(.text)
    DMA2_Stream5_IRQHandler                  0x08000243   Thumb Code     0  startup_stm32f4xx.o(.text)
    DMA2_Stream6_IRQHandler                  0x08000243   Thumb Code     0  startup_stm32f4xx.o(.text)
    DMA2_Stream7_IRQHandler                  0x08000243   Thumb Code     0  startup_stm32f4xx.o(.text)
    ETH_IRQHandler                           0x08000243   Thumb Code     0  startup_stm32f4xx.o(.text)
    ETH_WKUP_IRQHandler                      0x08000243   Thumb Code     0  startup_stm32f4xx.o(.text)
    EXTI0_IRQHandler                         0x08000243   Thumb Code     0  startup_stm32f4xx.o(.text)
    EXTI15_10_IRQHandler                     0x08000243   Thumb Code     0  startup_stm32f4xx.o(.text)
    EXTI1_IRQHandler                         0x08000243   Thumb Code     0  startup_stm32f4xx.o(.text)
    EXTI2_IRQHandler                         0x08000243   Thumb Code     0  startup_stm32f4xx.o(.text)
    EXTI3_IRQHandler                         0x08000243   Thumb Code     0  startup_stm32f4xx.o(.text)
    EXTI4_IRQHandler                         0x08000243   Thumb Code     0  startup_stm32f4xx.o(.text)
    EXTI9_5_IRQHandler                       0x08000243   Thumb Code     0  startup_stm32f4xx.o(.text)
    FLASH_IRQHandler                         0x08000243   Thumb Code     0  startup_stm32f4xx.o(.text)
    FPU_IRQHandler                           0x08000243   Thumb Code     0  startup_stm32f4xx.o(.text)
    FSMC_IRQHandler                          0x08000243   Thumb Code     0  startup_stm32f4xx.o(.text)
    HASH_RNG_IRQHandler                      0x08000243   Thumb Code     0  startup_stm32f4xx.o(.text)
    I2C1_ER_IRQHandler                       0x08000243   Thumb Code     0  startup_stm32f4xx.o(.text)
    I2C1_EV_IRQHandler                       0x08000243   Thumb Code     0  startup_stm32f4xx.o(.text)
    I2C2_ER_IRQHandler                       0x08000243   Thumb Code     0  startup_stm32f4xx.o(.text)
    I2C2_EV_IRQHandler                       0x08000243   Thumb Code     0  startup_stm32f4xx.o(.text)
    I2C3_ER_IRQHandler                       0x08000243   Thumb Code     0  startup_stm32f4xx.o(.text)
    I2C3_EV_IRQHandler                       0x08000243   Thumb Code     0  startup_stm32f4xx.o(.text)
    OTG_FS_IRQHandler                        0x08000243   Thumb Code     0  startup_stm32f4xx.o(.text)
    OTG_FS_WKUP_IRQHandler                   0x08000243   Thumb Code     0  startup_stm32f4xx.o(.text)
    OTG_HS_EP1_IN_IRQHandler                 0x08000243   Thumb Code     0  startup_stm32f4xx.o(.text)
    OTG_HS_EP1_OUT_IRQHandler                0x08000243   Thumb Code     0  startup_stm32f4xx.o(.text)
    OTG_HS_IRQHandler                        0x08000243   Thumb Code     0  startup_stm32f4xx.o(.text)
    OTG_HS_WKUP_IRQHandler                   0x08000243   Thumb Code     0  startup_stm32f4xx.o(.text)
    PVD_IRQHandler                           0x08000243   Thumb Code     0  startup_stm32f4xx.o(.text)
    RCC_IRQHandler                           0x08000243   Thumb Code     0  startup_stm32f4xx.o(.text)
    RTC_Alarm_IRQHandler                     0x08000243   Thumb Code     0  startup_stm32f4xx.o(.text)
    RTC_WKUP_IRQHandler                      0x08000243   Thumb Code     0  startup_stm32f4xx.o(.text)
    SDIO_IRQHandler                          0x08000243   Thumb Code     0  startup_stm32f4xx.o(.text)
    SPI1_IRQHandler                          0x08000243   Thumb Code     0  startup_stm32f4xx.o(.text)
    SPI2_IRQHandler                          0x08000243   Thumb Code     0  startup_stm32f4xx.o(.text)
    SPI3_IRQHandler                          0x08000243   Thumb Code     0  startup_stm32f4xx.o(.text)
    TAMP_STAMP_IRQHandler                    0x08000243   Thumb Code     0  startup_stm32f4xx.o(.text)
    TIM1_BRK_TIM9_IRQHandler                 0x08000243   Thumb Code     0  startup_stm32f4xx.o(.text)
    TIM1_CC_IRQHandler                       0x08000243   Thumb Code     0  startup_stm32f4xx.o(.text)
    TIM1_TRG_COM_TIM11_IRQHandler            0x08000243   Thumb Code     0  startup_stm32f4xx.o(.text)
    TIM6_DAC_IRQHandler                      0x08000243   Thumb Code     0  startup_stm32f4xx.o(.text)
    TIM7_IRQHandler                          0x08000243   Thumb Code     0  startup_stm32f4xx.o(.text)
    TIM8_BRK_TIM12_IRQHandler                0x08000243   Thumb Code     0  startup_stm32f4xx.o(.text)
    TIM8_CC_IRQHandler                       0x08000243   Thumb Code     0  startup_stm32f4xx.o(.text)
    TIM8_TRG_COM_TIM14_IRQHandler            0x08000243   Thumb Code     0  startup_stm32f4xx.o(.text)
    UART4_IRQHandler                         0x08000243   Thumb Code     0  startup_stm32f4xx.o(.text)
    USART1_IRQHandler                        0x08000243   Thumb Code     0  startup_stm32f4xx.o(.text)
    USART2_IRQHandler                        0x08000243   Thumb Code     0  startup_stm32f4xx.o(.text)
    USART6_IRQHandler                        0x08000243   Thumb Code     0  startup_stm32f4xx.o(.text)
    WWDG_IRQHandler                          0x08000243   Thumb Code     0  startup_stm32f4xx.o(.text)
    __user_initial_stackheap                 0x08000245   Thumb Code     0  startup_stm32f4xx.o(.text)
    arm_cos_f32                              0x08000269   Thumb Code   194  arm_cos_f32.o(.text)
    arm_sin_f32                              0x08000341   Thumb Code   194  arm_sin_f32.o(.text)
    arm_mat_init_f32                         0x08000419   Thumb Code     8  arm_mat_init_f32.o(.text)
    arm_mat_inverse_f32                      0x08000421   Thumb Code  1280  arm_mat_inverse_f32.o(.text)
    arm_mat_mult_f32                         0x08000921   Thumb Code   242  arm_mat_mult_f32.o(.text)
    __aeabi_memcpy4                          0x08000a19   Thumb Code     0  rt_memcpy_w.o(.text)
    __aeabi_memcpy8                          0x08000a19   Thumb Code     0  rt_memcpy_w.o(.text)
    __rt_memcpy_w                            0x08000a19   Thumb Code   100  rt_memcpy_w.o(.text)
    _memcpy_lastbytes_aligned                0x08000a61   Thumb Code     0  rt_memcpy_w.o(.text)
    __aeabi_memclr4                          0x08000a7d   Thumb Code     0  rt_memclr_w.o(.text)
    __aeabi_memclr8                          0x08000a7d   Thumb Code     0  rt_memclr_w.o(.text)
    __rt_memclr_w                            0x08000a7d   Thumb Code    78  rt_memclr_w.o(.text)
    _memset_w                                0x08000a81   Thumb Code     0  rt_memclr_w.o(.text)
    __use_two_region_memory                  0x08000acb   Thumb Code     2  heapauxi.o(.text)
    __rt_heap_escrow                         0x08000acd   Thumb Code     2  heapauxi.o(.text)
    __rt_heap_expand                         0x08000acf   Thumb Code     2  heapauxi.o(.text)
    __read_errno                             0x08000ad1   Thumb Code    10  _rserrno.o(.text)
    __set_errno                              0x08000adb   Thumb Code    12  _rserrno.o(.text)
    __aeabi_errno_addr                       0x08000ae9   Thumb Code     8  rt_errno_addr_intlibspace.o(.text)
    __errno$intlibspace                      0x08000ae9   Thumb Code     0  rt_errno_addr_intlibspace.o(.text)
    __rt_errno_addr$intlibspace              0x08000ae9   Thumb Code     0  rt_errno_addr_intlibspace.o(.text)
    __user_libspace                          0x08000af1   Thumb Code     8  libspace.o(.text)
    __user_perproc_libspace                  0x08000af1   Thumb Code     0  libspace.o(.text)
    __user_perthread_libspace                0x08000af1   Thumb Code     0  libspace.o(.text)
    __user_setup_stackheap                   0x08000af9   Thumb Code    74  sys_stackheap_outer.o(.text)
    exit                                     0x08000b43   Thumb Code    18  exit.o(.text)
    _sys_exit                                0x08000b55   Thumb Code     8  sys_exit.o(.text)
    __I$use$semihosting                      0x08000b61   Thumb Code     0  use_no_semi.o(.text)
    __use_no_semihosting_swi                 0x08000b61   Thumb Code     2  use_no_semi.o(.text)
    __semihosting_library_function           0x08000b63   Thumb Code     0  indicate_semi.o(.text)
    AngularVelUpdate                         0x08000b65   Thumb Code   724  pose_plan.o(i.AngularVelUpdate)
    BusFault_Handler                         0x08000e59   Thumb Code     4  stm32f4xx_it.o(i.BusFault_Handler)
    CAN1_RX0_IRQHandler                      0x08000e5d   Thumb Code   252  stm32f4xx_it.o(i.CAN1_RX0_IRQHandler)
    CAN_ClearFlag                            0x08000f85   Thumb Code    52  stm32f4xx_can.o(i.CAN_ClearFlag)
    CAN_Config                               0x08000fbd   Thumb Code   940  can.o(i.CAN_Config)
    CAN_DeInit                               0x0800136d   Thumb Code    50  stm32f4xx_can.o(i.CAN_DeInit)
    CAN_FilterInit                           0x080013a5   Thumb Code   258  stm32f4xx_can.o(i.CAN_FilterInit)
    CAN_ITConfig                             0x080014ad   Thumb Code    18  stm32f4xx_can.o(i.CAN_ITConfig)
    CAN_Init                                 0x080014bf   Thumb Code   276  stm32f4xx_can.o(i.CAN_Init)
    CAN_MessagePending                       0x080015d3   Thumb Code    30  stm32f4xx_can.o(i.CAN_MessagePending)
    CAN_Receive                              0x080015f1   Thumb Code   240  stm32f4xx_can.o(i.CAN_Receive)
    CAN_RxMsg                                0x080016e1   Thumb Code    72  can.o(i.CAN_RxMsg)
    ChainUpdateByBase                        0x08001729   Thumb Code  1200  pose_plan.o(i.ChainUpdateByBase)
    DebugMon_Handler                         0x08001bd9   Thumb Code     2  stm32f4xx_it.o(i.DebugMon_Handler)
    GPIO_Init                                0x08001bdb   Thumb Code   144  stm32f4xx_gpio.o(i.GPIO_Init)
    GPIO_Init_Pins                           0x08001c6b   Thumb Code   168  gpio.o(i.GPIO_Init_Pins)
    GPIO_PinAFConfig                         0x08001d13   Thumb Code    70  stm32f4xx_gpio.o(i.GPIO_PinAFConfig)
    HardFault_Handler                        0x08001d59   Thumb Code     4  stm32f4xx_it.o(i.HardFault_Handler)
    KeyInit                                  0x08001d5d   Thumb Code    14  gpio.o(i.KeyInit)
    MemManage_Handler                        0x08001d71   Thumb Code     4  stm32f4xx_it.o(i.MemManage_Handler)
    NMI_Handler                              0x08001d75   Thumb Code     4  stm32f4xx_it.o(i.NMI_Handler)
    NVIC_Init                                0x08001d79   Thumb Code   106  misc.o(i.NVIC_Init)
    NVIC_PriorityGroupConfig                 0x08001df1   Thumb Code    10  misc.o(i.NVIC_PriorityGroupConfig)
    RCC_AHB1PeriphClockCmd                   0x08001e05   Thumb Code    26  stm32f4xx_rcc.o(i.RCC_AHB1PeriphClockCmd)
    RCC_APB1PeriphClockCmd                   0x08001e25   Thumb Code    26  stm32f4xx_rcc.o(i.RCC_APB1PeriphClockCmd)
    RCC_APB1PeriphResetCmd                   0x08001e45   Thumb Code    26  stm32f4xx_rcc.o(i.RCC_APB1PeriphResetCmd)
    RCC_APB2PeriphClockCmd                   0x08001e65   Thumb Code    26  stm32f4xx_rcc.o(i.RCC_APB2PeriphClockCmd)
    RCC_GetClocksFreq                        0x08001e85   Thumb Code   214  stm32f4xx_rcc.o(i.RCC_GetClocksFreq)
    RouteControl                             0x08001f6d   Thumb Code    72  route_ctr.o(i.RouteControl)
    SVC_Handler                              0x08001fc5   Thumb Code     2  stm32f4xx_it.o(i.SVC_Handler)
    SystemInit                               0x080020b5   Thumb Code    88  system_stm32f4xx.o(i.SystemInit)
    TIM1_UP_TIM10_IRQHandler                 0x0800211d   Thumb Code    24  stm32f4xx_it.o(i.TIM1_UP_TIM10_IRQHandler)
    TIM2_IRQHandler                          0x08002139   Thumb Code    64  stm32f4xx_it.o(i.TIM2_IRQHandler)
    TIM3_IRQHandler                          0x08002185   Thumb Code    24  stm32f4xx_it.o(i.TIM3_IRQHandler)
    TIM4_IRQHandler                          0x080021a1   Thumb Code    24  stm32f4xx_it.o(i.TIM4_IRQHandler)
    TIM5_IRQHandler                          0x080021bd   Thumb Code    24  stm32f4xx_it.o(i.TIM5_IRQHandler)
    TIM8_UP_TIM13_IRQHandler                 0x080021d9   Thumb Code    24  stm32f4xx_it.o(i.TIM8_UP_TIM13_IRQHandler)
    TIM_ClearITPendingBit                    0x080021f5   Thumb Code     6  stm32f4xx_tim.o(i.TIM_ClearITPendingBit)
    TIM_Cmd                                  0x080021fb   Thumb Code    24  stm32f4xx_tim.o(i.TIM_Cmd)
    TIM_GetITStatus                          0x08002213   Thumb Code    34  stm32f4xx_tim.o(i.TIM_GetITStatus)
    TIM_ITConfig                             0x08002235   Thumb Code    18  stm32f4xx_tim.o(i.TIM_ITConfig)
    TIM_Init                                 0x08002249   Thumb Code   440  timer.o(i.TIM_Init)
    TIM_TimeBaseInit                         0x0800240d   Thumb Code   104  stm32f4xx_tim.o(i.TIM_TimeBaseInit)
    UART5_IRQHandler                         0x08002491   Thumb Code   840  stm32f4xx_it.o(i.UART5_IRQHandler)
    UART5_Init                               0x080027ed   Thumb Code   186  usart.o(i.UART5_Init)
    USART3_IRQHandler                        0x080028b5   Thumb Code    38  stm32f4xx_it.o(i.USART3_IRQHandler)
    USART3_Init                              0x080028e1   Thumb Code   188  usart.o(i.USART3_Init)
    USART_ClearITPendingBit                  0x080029a5   Thumb Code    30  stm32f4xx_usart.o(i.USART_ClearITPendingBit)
    USART_Cmd                                0x080029c3   Thumb Code    24  stm32f4xx_usart.o(i.USART_Cmd)
    USART_GetITStatus                        0x080029db   Thumb Code    84  stm32f4xx_usart.o(i.USART_GetITStatus)
    USART_ITConfig                           0x08002a2f   Thumb Code    74  stm32f4xx_usart.o(i.USART_ITConfig)
    USART_Init                               0x08002a79   Thumb Code   204  stm32f4xx_usart.o(i.USART_Init)
    USART_ReceiveData                        0x08002b4d   Thumb Code    10  stm32f4xx_usart.o(i.USART_ReceiveData)
    UsageFault_Handler                       0x08002b57   Thumb Code     4  stm32f4xx_it.o(i.UsageFault_Handler)
    VelocityUpdate                           0x08002b5d   Thumb Code   740  pose_plan.o(i.VelocityUpdate)
    __ARM_fpclassify                         0x08002e61   Thumb Code    48  fpclassify.o(i.__ARM_fpclassify)
    __ARM_fpclassifyf                        0x08002e91   Thumb Code    38  fpclassifyf.o(i.__ARM_fpclassifyf)
    __hardfp_atan2f                          0x08002eb9   Thumb Code   502  atan2f.o(i.__hardfp_atan2f)
    __hardfp_fabs                            0x08003109   Thumb Code    20  fabs.o(i.__hardfp_fabs)
    __hardfp_pow                             0x08003121   Thumb Code  3072  pow.o(i.__hardfp_pow)
    __kernel_poly                            0x08003d71   Thumb Code   248  poly.o(i.__kernel_poly)
    __mathlib_dbl_divzero                    0x08003e69   Thumb Code    28  dunder.o(i.__mathlib_dbl_divzero)
    __mathlib_dbl_infnan2                    0x08003e99   Thumb Code    20  dunder.o(i.__mathlib_dbl_infnan2)
    __mathlib_dbl_invalid                    0x08003eb1   Thumb Code    24  dunder.o(i.__mathlib_dbl_invalid)
    __mathlib_dbl_overflow                   0x08003ed1   Thumb Code    24  dunder.o(i.__mathlib_dbl_overflow)
    __mathlib_dbl_underflow                  0x08003ef1   Thumb Code    24  dunder.o(i.__mathlib_dbl_underflow)
    __mathlib_flt_infnan2                    0x08003f11   Thumb Code     6  funder.o(i.__mathlib_flt_infnan2)
    __mathlib_flt_underflow                  0x08003f19   Thumb Code    10  funder.o(i.__mathlib_flt_underflow)
    fabs                                     0x08003f29   Thumb Code    24  fabs.o(i.fabs)
    getTimeFlag                              0x08003f41   Thumb Code    48  stm32f4xx_it.o(i.getTimeFlag)
    init                                     0x08003f81   Thumb Code    74  main.o(i.init)
    main                                     0x08003fd5   Thumb Code    24  main.o(i.main)
    sqrt                                     0x08003fed   Thumb Code   110  sqrt.o(i.sqrt)
    __aeabi_dneg                             0x0800405b   Thumb Code     0  basic.o(x$fpl$basic)
    _dneg                                    0x0800405b   Thumb Code     6  basic.o(x$fpl$basic)
    __aeabi_fneg                             0x08004061   Thumb Code     0  basic.o(x$fpl$basic)
    _fneg                                    0x08004061   Thumb Code     6  basic.o(x$fpl$basic)
    _dabs                                    0x08004067   Thumb Code     6  basic.o(x$fpl$basic)
    _fabs                                    0x0800406d   Thumb Code     6  basic.o(x$fpl$basic)
    __aeabi_d2f                              0x08004075   Thumb Code     0  d2f.o(x$fpl$d2f)
    _d2f                                     0x08004075   Thumb Code    98  d2f.o(x$fpl$d2f)
    __aeabi_dadd                             0x080040d9   Thumb Code     0  daddsub_clz.o(x$fpl$dadd)
    _dadd                                    0x080040d9   Thumb Code   332  daddsub_clz.o(x$fpl$dadd)
    __fpl_dcheck_NaN1                        0x08004229   Thumb Code    10  dcheck1.o(x$fpl$dcheck1)
    __fpl_dcmp_Inf                           0x08004239   Thumb Code    24  dcmpi.o(x$fpl$dcmpinf)
    __aeabi_ddiv                             0x08004251   Thumb Code     0  ddiv.o(x$fpl$ddiv)
    _ddiv                                    0x08004251   Thumb Code   552  ddiv.o(x$fpl$ddiv)
    __aeabi_i2d                              0x08004501   Thumb Code     0  dflt_clz.o(x$fpl$dflt)
    _dflt                                    0x08004501   Thumb Code    46  dflt_clz.o(x$fpl$dflt)
    __aeabi_cdcmple                          0x08004531   Thumb Code     0  dleqf.o(x$fpl$dleqf)
    _dcmple                                  0x08004531   Thumb Code   120  dleqf.o(x$fpl$dleqf)
    __fpl_dcmple_InfNaN                      0x08004593   Thumb Code     0  dleqf.o(x$fpl$dleqf)
    __aeabi_dmul                             0x080045a9   Thumb Code     0  dmul.o(x$fpl$dmul)
    _dmul                                    0x080045a9   Thumb Code   332  dmul.o(x$fpl$dmul)
    __fpl_dnaninf                            0x080046fd   Thumb Code   156  dnaninf.o(x$fpl$dnaninf)
    __fpl_dretinf                            0x08004799   Thumb Code    12  dretinf.o(x$fpl$dretinf)
    __aeabi_cdrcmple                         0x080047a5   Thumb Code     0  drleqf.o(x$fpl$drleqf)
    _drcmple                                 0x080047a5   Thumb Code   108  drleqf.o(x$fpl$drleqf)
    __aeabi_drsub                            0x08004811   Thumb Code     0  daddsub_clz.o(x$fpl$drsb)
    _drsb                                    0x08004811   Thumb Code    22  daddsub_clz.o(x$fpl$drsb)
    _dsqrt                                   0x08004829   Thumb Code   404  dsqrt_umaal.o(x$fpl$dsqrt)
    __aeabi_dsub                             0x080049c1   Thumb Code     0  daddsub_clz.o(x$fpl$dsub)
    _dsub                                    0x080049c1   Thumb Code   464  daddsub_clz.o(x$fpl$dsub)
    __aeabi_f2d                              0x08004b95   Thumb Code     0  f2d.o(x$fpl$f2d)
    _f2d                                     0x08004b95   Thumb Code    86  f2d.o(x$fpl$f2d)
    __fpl_fnaninf                            0x08004beb   Thumb Code   140  fnaninf.o(x$fpl$fnaninf)
    _fp_init                                 0x08004c77   Thumb Code    10  fpinit.o(x$fpl$fpinit)
    __fplib_config_fpu_vfp                   0x08004c7f   Thumb Code     0  fpinit.o(x$fpl$fpinit)
    __fplib_config_pureend_doubles           0x08004c7f   Thumb Code     0  fpinit.o(x$fpl$fpinit)
    __fpl_fretinf                            0x08004c81   Thumb Code    10  fretinf.o(x$fpl$fretinf)
    __fpl_return_NaN                         0x08004c8b   Thumb Code   100  retnan.o(x$fpl$retnan)
    __ARM_scalbn                             0x08004cef   Thumb Code    92  scalbn.o(x$fpl$scalbn)
    __fpl_cmpreturn                          0x08004d4b   Thumb Code    48  trapv.o(x$fpl$trapveneer)
    __I$use$fp                               0x08004d7a   Number         0  usenofp.o(x$fpl$usenofp)
    gAxisAngle                               0x08004d7c   Data          12  pose_plan.o(.constdata)
    __mathlib_zero                           0x08005678   Data           8  qnan.o(.constdata)
    Region$$Table$$Base                      0x08005680   Number         0  anon$$obj.o(Region$$Table)
    Region$$Table$$Limit                     0x080056a0   Number         0  anon$$obj.o(Region$$Table)
    __libspace_start                         0x200000dc   Data          96  libspace.o(.bss)
    __temporary_stack_top$libspace           0x2000013c   Data           0  libspace.o(.bss)



==============================================================================

Memory Map of the image

  Image Entry point : 0x08000189

  Load Region LR_IROM1 (Base: 0x08000000, Size: 0x0000570c, Max: 0x00100000, ABSOLUTE)

    Execution Region ER_IROM1 (Base: 0x08000000, Size: 0x000056a0, Max: 0x00100000, ABSOLUTE)

    Base Addr    Size         Type   Attr      Idx    E Section Name        Object

    0x08000000   0x00000188   Data   RO         5819    RESET               startup_stm32f4xx.o
    0x08000188   0x00000008   Code   RO         5989  * !!!main             c_w.l(__main.o)
    0x08000190   0x00000034   Code   RO         6468    !!!scatter          c_w.l(__scatter.o)
    0x080001c4   0x0000001a   Code   RO         6470    !!handler_copy      c_w.l(__scatter_copy.o)
    0x080001de   0x00000002   PAD
    0x080001e0   0x0000001c   Code   RO         6472    !!handler_zi        c_w.l(__scatter_zi.o)
    0x080001fc   0x00000002   Code   RO         6289    .ARM.Collect$$libinit$$00000000  c_w.l(libinit.o)
    0x080001fe   0x00000004   Code   RO         6290    .ARM.Collect$$libinit$$00000001  c_w.l(libinit2.o)
    0x08000202   0x00000000   Code   RO         6293    .ARM.Collect$$libinit$$00000004  c_w.l(libinit2.o)
    0x08000202   0x00000000   Code   RO         6296    .ARM.Collect$$libinit$$0000000A  c_w.l(libinit2.o)
    0x08000202   0x00000000   Code   RO         6298    .ARM.Collect$$libinit$$0000000C  c_w.l(libinit2.o)
    0x08000202   0x00000000   Code   RO         6300    .ARM.Collect$$libinit$$0000000E  c_w.l(libinit2.o)
    0x08000202   0x00000000   Code   RO         6303    .ARM.Collect$$libinit$$00000011  c_w.l(libinit2.o)
    0x08000202   0x00000000   Code   RO         6305    .ARM.Collect$$libinit$$00000013  c_w.l(libinit2.o)
    0x08000202   0x00000000   Code   RO         6307    .ARM.Collect$$libinit$$00000015  c_w.l(libinit2.o)
    0x08000202   0x00000000   Code   RO         6309    .ARM.Collect$$libinit$$00000017  c_w.l(libinit2.o)
    0x08000202   0x00000000   Code   RO         6311    .ARM.Collect$$libinit$$00000019  c_w.l(libinit2.o)
    0x08000202   0x00000000   Code   RO         6313    .ARM.Collect$$libinit$$0000001B  c_w.l(libinit2.o)
    0x08000202   0x00000000   Code   RO         6315    .ARM.Collect$$libinit$$0000001D  c_w.l(libinit2.o)
    0x08000202   0x00000000   Code   RO         6317    .ARM.Collect$$libinit$$0000001F  c_w.l(libinit2.o)
    0x08000202   0x00000000   Code   RO         6319    .ARM.Collect$$libinit$$00000021  c_w.l(libinit2.o)
    0x08000202   0x00000000   Code   RO         6321    .ARM.Collect$$libinit$$00000023  c_w.l(libinit2.o)
    0x08000202   0x00000000   Code   RO         6323    .ARM.Collect$$libinit$$00000025  c_w.l(libinit2.o)
    0x08000202   0x00000000   Code   RO         6327    .ARM.Collect$$libinit$$0000002C  c_w.l(libinit2.o)
    0x08000202   0x00000000   Code   RO         6329    .ARM.Collect$$libinit$$0000002E  c_w.l(libinit2.o)
    0x08000202   0x00000000   Code   RO         6331    .ARM.Collect$$libinit$$00000030  c_w.l(libinit2.o)
    0x08000202   0x00000000   Code   RO         6333    .ARM.Collect$$libinit$$00000032  c_w.l(libinit2.o)
    0x08000202   0x00000002   Code   RO         6334    .ARM.Collect$$libinit$$00000033  c_w.l(libinit2.o)
    0x08000204   0x00000002   Code   RO         6427    .ARM.Collect$$libshutdown$$00000000  c_w.l(libshutdown.o)
    0x08000206   0x00000000   Code   RO         6437    .ARM.Collect$$libshutdown$$00000002  c_w.l(libshutdown2.o)
    0x08000206   0x00000000   Code   RO         6439    .ARM.Collect$$libshutdown$$00000004  c_w.l(libshutdown2.o)
    0x08000206   0x00000000   Code   RO         6442    .ARM.Collect$$libshutdown$$00000007  c_w.l(libshutdown2.o)
    0x08000206   0x00000000   Code   RO         6445    .ARM.Collect$$libshutdown$$0000000A  c_w.l(libshutdown2.o)
    0x08000206   0x00000000   Code   RO         6447    .ARM.Collect$$libshutdown$$0000000C  c_w.l(libshutdown2.o)
    0x08000206   0x00000000   Code   RO         6450    .ARM.Collect$$libshutdown$$0000000F  c_w.l(libshutdown2.o)
    0x08000206   0x00000002   Code   RO         6451    .ARM.Collect$$libshutdown$$00000010  c_w.l(libshutdown2.o)
    0x08000208   0x00000000   Code   RO         6059    .ARM.Collect$$rtentry$$00000000  c_w.l(__rtentry.o)
    0x08000208   0x00000000   Code   RO         6137    .ARM.Collect$$rtentry$$00000002  c_w.l(__rtentry2.o)
    0x08000208   0x00000006   Code   RO         6149    .ARM.Collect$$rtentry$$00000004  c_w.l(__rtentry4.o)
    0x0800020e   0x00000000   Code   RO         6139    .ARM.Collect$$rtentry$$00000009  c_w.l(__rtentry2.o)
    0x0800020e   0x00000004   Code   RO         6140    .ARM.Collect$$rtentry$$0000000A  c_w.l(__rtentry2.o)
    0x08000212   0x00000000   Code   RO         6142    .ARM.Collect$$rtentry$$0000000C  c_w.l(__rtentry2.o)
    0x08000212   0x00000008   Code   RO         6143    .ARM.Collect$$rtentry$$0000000D  c_w.l(__rtentry2.o)
    0x0800021a   0x00000002   Code   RO         6341    .ARM.Collect$$rtexit$$00000000  c_w.l(rtexit.o)
    0x0800021c   0x00000000   Code   RO         6386    .ARM.Collect$$rtexit$$00000002  c_w.l(rtexit2.o)
    0x0800021c   0x00000004   Code   RO         6387    .ARM.Collect$$rtexit$$00000003  c_w.l(rtexit2.o)
    0x08000220   0x00000006   Code   RO         6388    .ARM.Collect$$rtexit$$00000004  c_w.l(rtexit2.o)
    0x08000226   0x00000002   PAD
    0x08000228   0x00000040   Code   RO         5820    .text               startup_stm32f4xx.o
    0x08000268   0x000000d8   Code   RO         5826    .text               arm_cortexM4lf_math.lib(arm_cos_f32.o)
    0x08000340   0x000000d8   Code   RO         5873    .text               arm_cortexM4lf_math.lib(arm_sin_f32.o)
    0x08000418   0x00000008   Code   RO         5895    .text               arm_cortexM4lf_math.lib(arm_mat_init_f32.o)
    0x08000420   0x00000500   Code   RO         5915    .text               arm_cortexM4lf_math.lib(arm_mat_inverse_f32.o)
    0x08000920   0x000000f8   Code   RO         5935    .text               arm_cortexM4lf_math.lib(arm_mat_mult_f32.o)
    0x08000a18   0x00000064   Code   RO         5983    .text               c_w.l(rt_memcpy_w.o)
    0x08000a7c   0x0000004e   Code   RO         5985    .text               c_w.l(rt_memclr_w.o)
    0x08000aca   0x00000006   Code   RO         5987    .text               c_w.l(heapauxi.o)
    0x08000ad0   0x00000016   Code   RO         6060    .text               c_w.l(_rserrno.o)
    0x08000ae6   0x00000002   PAD
    0x08000ae8   0x00000008   Code   RO         6159    .text               c_w.l(rt_errno_addr_intlibspace.o)
    0x08000af0   0x00000008   Code   RO         6208    .text               c_w.l(libspace.o)
    0x08000af8   0x0000004a   Code   RO         6211    .text               c_w.l(sys_stackheap_outer.o)
    0x08000b42   0x00000012   Code   RO         6275    .text               c_w.l(exit.o)
    0x08000b54   0x0000000c   Code   RO         6337    .text               c_w.l(sys_exit.o)
    0x08000b60   0x00000002   Code   RO         6382    .text               c_w.l(use_no_semi.o)
    0x08000b62   0x00000000   Code   RO         6384    .text               c_w.l(indicate_semi.o)
    0x08000b62   0x00000002   PAD
    0x08000b64   0x000002f4   Code   RO          806    i.AngularVelUpdate  pose_plan.o
    0x08000e58   0x00000004   Code   RO          139    i.BusFault_Handler  stm32f4xx_it.o
    0x08000e5c   0x00000128   Code   RO          140    i.CAN1_RX0_IRQHandler  stm32f4xx_it.o
    0x08000f84   0x00000038   Code   RO         1251    i.CAN_ClearFlag     stm32f4xx_can.o
    0x08000fbc   0x000003b0   Code   RO          312    i.CAN_Config        can.o
    0x0800136c   0x00000038   Code   RO         1254    i.CAN_DeInit        stm32f4xx_can.o
    0x080013a4   0x00000108   Code   RO         1256    i.CAN_FilterInit    stm32f4xx_can.o
    0x080014ac   0x00000012   Code   RO         1262    i.CAN_ITConfig      stm32f4xx_can.o
    0x080014be   0x00000114   Code   RO         1263    i.CAN_Init          stm32f4xx_can.o
    0x080015d2   0x0000001e   Code   RO         1264    i.CAN_MessagePending  stm32f4xx_can.o
    0x080015f0   0x000000f0   Code   RO         1266    i.CAN_Receive       stm32f4xx_can.o
    0x080016e0   0x00000048   Code   RO          313    i.CAN_RxMsg         can.o
    0x08001728   0x000004b0   Code   RO          808    i.ChainUpdateByBase  pose_plan.o
    0x08001bd8   0x00000002   Code   RO          141    i.DebugMon_Handler  stm32f4xx_it.o
    0x08001bda   0x00000090   Code   RO         2720    i.GPIO_Init         stm32f4xx_gpio.o
    0x08001c6a   0x000000a8   Code   RO          463    i.GPIO_Init_Pins    gpio.o
    0x08001d12   0x00000046   Code   RO         2721    i.GPIO_PinAFConfig  stm32f4xx_gpio.o
    0x08001d58   0x00000004   Code   RO          142    i.HardFault_Handler  stm32f4xx_it.o
    0x08001d5c   0x00000014   Code   RO          464    i.KeyInit           gpio.o
    0x08001d70   0x00000004   Code   RO          143    i.MemManage_Handler  stm32f4xx_it.o
    0x08001d74   0x00000004   Code   RO          144    i.NMI_Handler       stm32f4xx_it.o
    0x08001d78   0x00000078   Code   RO          904    i.NVIC_Init         misc.o
    0x08001df0   0x00000014   Code   RO          905    i.NVIC_PriorityGroupConfig  misc.o
    0x08001e04   0x00000020   Code   RO         3480    i.RCC_AHB1PeriphClockCmd  stm32f4xx_rcc.o
    0x08001e24   0x00000020   Code   RO         3489    i.RCC_APB1PeriphClockCmd  stm32f4xx_rcc.o
    0x08001e44   0x00000020   Code   RO         3491    i.RCC_APB1PeriphResetCmd  stm32f4xx_rcc.o
    0x08001e64   0x00000020   Code   RO         3492    i.RCC_APB2PeriphClockCmd  stm32f4xx_rcc.o
    0x08001e84   0x000000e8   Code   RO         3501    i.RCC_GetClocksFreq  stm32f4xx_rcc.o
    0x08001f6c   0x00000058   Code   RO          502    i.RouteControl      route_ctr.o
    0x08001fc4   0x00000002   Code   RO          145    i.SVC_Handler       stm32f4xx_it.o
    0x08001fc6   0x00000002   PAD
    0x08001fc8   0x000000ec   Code   RO         5776    i.SetSysClock       system_stm32f4xx.o
    0x080020b4   0x00000068   Code   RO         5778    i.SystemInit        system_stm32f4xx.o
    0x0800211c   0x0000001c   Code   RO          146    i.TIM1_UP_TIM10_IRQHandler  stm32f4xx_it.o
    0x08002138   0x0000004c   Code   RO          147    i.TIM2_IRQHandler   stm32f4xx_it.o
    0x08002184   0x0000001c   Code   RO          148    i.TIM3_IRQHandler   stm32f4xx_it.o
    0x080021a0   0x0000001c   Code   RO          149    i.TIM4_IRQHandler   stm32f4xx_it.o
    0x080021bc   0x0000001c   Code   RO          150    i.TIM5_IRQHandler   stm32f4xx_it.o
    0x080021d8   0x0000001c   Code   RO          151    i.TIM8_UP_TIM13_IRQHandler  stm32f4xx_it.o
    0x080021f4   0x00000006   Code   RO         4822    i.TIM_ClearITPendingBit  stm32f4xx_tim.o
    0x080021fa   0x00000018   Code   RO         4827    i.TIM_Cmd           stm32f4xx_tim.o
    0x08002212   0x00000022   Code   RO         4848    i.TIM_GetITStatus   stm32f4xx_tim.o
    0x08002234   0x00000012   Code   RO         4852    i.TIM_ITConfig      stm32f4xx_tim.o
    0x08002246   0x00000002   PAD
    0x08002248   0x000001c4   Code   RO          617    i.TIM_Init          timer.o
    0x0800240c   0x00000084   Code   RO         4899    i.TIM_TimeBaseInit  stm32f4xx_tim.o
    0x08002490   0x0000035c   Code   RO          152    i.UART5_IRQHandler  stm32f4xx_it.o
    0x080027ec   0x000000c8   Code   RO          714    i.UART5_Init        usart.o
    0x080028b4   0x0000002c   Code   RO          153    i.USART3_IRQHandler  stm32f4xx_it.o
    0x080028e0   0x000000c4   Code   RO          716    i.USART3_Init       usart.o
    0x080029a4   0x0000001e   Code   RO         5473    i.USART_ClearITPendingBit  stm32f4xx_usart.o
    0x080029c2   0x00000018   Code   RO         5476    i.USART_Cmd         stm32f4xx_usart.o
    0x080029da   0x00000054   Code   RO         5480    i.USART_GetITStatus  stm32f4xx_usart.o
    0x08002a2e   0x0000004a   Code   RO         5482    i.USART_ITConfig    stm32f4xx_usart.o
    0x08002a78   0x000000d4   Code   RO         5483    i.USART_Init        stm32f4xx_usart.o
    0x08002b4c   0x0000000a   Code   RO         5490    i.USART_ReceiveData  stm32f4xx_usart.o
    0x08002b56   0x00000004   Code   RO          154    i.UsageFault_Handler  stm32f4xx_it.o
    0x08002b5a   0x00000002   PAD
    0x08002b5c   0x00000304   Code   RO          814    i.VelocityUpdate    pose_plan.o
    0x08002e60   0x00000030   Code   RO         6103    i.__ARM_fpclassify  m_wm.l(fpclassify.o)
    0x08002e90   0x00000026   Code   RO         6105    i.__ARM_fpclassifyf  m_wm.l(fpclassifyf.o)
    0x08002eb6   0x00000002   PAD
    0x08002eb8   0x00000250   Code   RO         6027    i.__hardfp_atan2f   m_wm.l(atan2f.o)
    0x08003108   0x00000014   Code   RO         6039    i.__hardfp_fabs     m_wm.l(fabs.o)
    0x0800311c   0x00000004   PAD
    0x08003120   0x00000c50   Code   RO         6045    i.__hardfp_pow      m_wm.l(pow.o)
    0x08003d70   0x000000f8   Code   RO         6121    i.__kernel_poly     m_wm.l(poly.o)
    0x08003e68   0x00000030   Code   RO         6089    i.__mathlib_dbl_divzero  m_wm.l(dunder.o)
    0x08003e98   0x00000014   Code   RO         6091    i.__mathlib_dbl_infnan2  m_wm.l(dunder.o)
    0x08003eac   0x00000004   PAD
    0x08003eb0   0x00000020   Code   RO         6092    i.__mathlib_dbl_invalid  m_wm.l(dunder.o)
    0x08003ed0   0x00000020   Code   RO         6093    i.__mathlib_dbl_overflow  m_wm.l(dunder.o)
    0x08003ef0   0x00000020   Code   RO         6095    i.__mathlib_dbl_underflow  m_wm.l(dunder.o)
    0x08003f10   0x00000006   Code   RO         6109    i.__mathlib_flt_infnan2  m_wm.l(funder.o)
    0x08003f16   0x00000002   PAD
    0x08003f18   0x00000010   Code   RO         6113    i.__mathlib_flt_underflow  m_wm.l(funder.o)
    0x08003f28   0x00000018   Code   RO         6041    i.fabs              m_wm.l(fabs.o)
    0x08003f40   0x00000040   Code   RO          159    i.getTimeFlag       stm32f4xx_it.o
    0x08003f80   0x00000054   Code   RO            7    i.init              main.o
    0x08003fd4   0x00000018   Code   RO            8    i.main              main.o
    0x08003fec   0x0000006e   Code   RO         6126    i.sqrt              m_wm.l(sqrt.o)
    0x0800405a   0x00000018   Code   RO         6072    x$fpl$basic         fz_wm.l(basic.o)
    0x08004072   0x00000002   PAD
    0x08004074   0x00000062   Code   RO         5997    x$fpl$d2f           fz_wm.l(d2f.o)
    0x080040d6   0x00000002   PAD
    0x080040d8   0x00000150   Code   RO         5999    x$fpl$dadd          fz_wm.l(daddsub_clz.o)
    0x08004228   0x00000010   Code   RO         6202    x$fpl$dcheck1       fz_wm.l(dcheck1.o)
    0x08004238   0x00000018   Code   RO         6074    x$fpl$dcmpinf       fz_wm.l(dcmpi.o)
    0x08004250   0x000002b0   Code   RO         6006    x$fpl$ddiv          fz_wm.l(ddiv.o)
    0x08004500   0x0000002e   Code   RO         6014    x$fpl$dflt          fz_wm.l(dflt_clz.o)
    0x0800452e   0x00000002   PAD
    0x08004530   0x00000078   Code   RO         6019    x$fpl$dleqf         fz_wm.l(dleqf.o)
    0x080045a8   0x00000154   Code   RO         6021    x$fpl$dmul          fz_wm.l(dmul.o)
    0x080046fc   0x0000009c   Code   RO         6076    x$fpl$dnaninf       fz_wm.l(dnaninf.o)
    0x08004798   0x0000000c   Code   RO         6078    x$fpl$dretinf       fz_wm.l(dretinf.o)
    0x080047a4   0x0000006c   Code   RO         6080    x$fpl$drleqf        fz_wm.l(drleqf.o)
    0x08004810   0x00000016   Code   RO         6000    x$fpl$drsb          fz_wm.l(daddsub_clz.o)
    0x08004826   0x00000002   PAD
    0x08004828   0x00000198   Code   RO         6204    x$fpl$dsqrt         fz_wm.l(dsqrt_umaal.o)
    0x080049c0   0x000001d4   Code   RO         6001    x$fpl$dsub          fz_wm.l(daddsub_clz.o)
    0x08004b94   0x00000056   Code   RO         6023    x$fpl$f2d           fz_wm.l(f2d.o)
    0x08004bea   0x0000008c   Code   RO         6082    x$fpl$fnaninf       fz_wm.l(fnaninf.o)
    0x08004c76   0x0000000a   Code   RO         6376    x$fpl$fpinit        fz_wm.l(fpinit.o)
    0x08004c80   0x0000000a   Code   RO         6084    x$fpl$fretinf       fz_wm.l(fretinf.o)
    0x08004c8a   0x00000064   Code   RO         6335    x$fpl$retnan        fz_wm.l(retnan.o)
    0x08004cee   0x0000005c   Code   RO         6086    x$fpl$scalbn        fz_wm.l(scalbn.o)
    0x08004d4a   0x00000030   Code   RO         6378    x$fpl$trapveneer    fz_wm.l(trapv.o)
    0x08004d7a   0x00000000   Code   RO         6088    x$fpl$usenofp       fz_wm.l(usenofp.o)
    0x08004d7a   0x00000002   PAD
    0x08004d7c   0x00000054   Data   RO          830    .constdata          pose_plan.o
    0x08004dd0   0x00000410   Data   RO         5827    .constdata          arm_cortexM4lf_math.lib(arm_cos_f32.o)
    0x080051e0   0x0000040c   Data   RO         5874    .constdata          arm_cortexM4lf_math.lib(arm_sin_f32.o)
    0x080055ec   0x00000004   PAD
    0x080055f0   0x00000088   Data   RO         6048    .constdata          m_wm.l(pow.o)
    0x08005678   0x00000008   Data   RO         6123    .constdata          m_wm.l(qnan.o)
    0x08005680   0x00000020   Data   RO         6466    Region$$Table       anon$$obj.o


    Execution Region RW_IRAM1 (Base: 0x20000000, Size: 0x00004740, Max: 0x00020000, ABSOLUTE)

    Base Addr    Size         Type   Attr      Idx    E Section Name        Object

    0x20000000   0x0000001a   Data   RW          183    .data               stm32f4xx_it.o
    0x2000001a   0x00000002   PAD
    0x2000001c   0x0000003e   Data   RW          519    .data               route_ctr.o
    0x2000005a   0x00000010   Data   RW         3568    .data               stm32f4xx_rcc.o
    0x2000006a   0x00000002   PAD
    0x2000006c   0x00000027   Zero   RW          181    .bss                stm32f4xx_it.o
    0x20000093   0x00000001   PAD
    0x20000094   0x00000048   Zero   RW          518    .bss                route_ctr.o
    0x200000dc   0x00000060   Zero   RW         6209    .bss                c_w.l(libspace.o)
    0x2000013c   0x00000004   PAD
    0x20000140   0x00004200   Zero   RW         5818    HEAP                startup_stm32f4xx.o
    0x20004340   0x00000400   Zero   RW         5817    STACK               startup_stm32f4xx.o


==============================================================================

Image component sizes


      Code (inc. data)   RO Data    RW Data    ZI Data      Debug   Object Name

      1016         14          0          0          0       2881   can.o
       188         16          0          0          0       1563   gpio.o
       108         10          0          0          0     281298   main.o
       140         24          0          0          0       1719   misc.o
      2728        134         84          0          0       4645   pose_plan.o
        88         16          0         62         72       5193   route_ctr.o
        64         26        392          0      17920        864   startup_stm32f4xx.o
       940         16          0          0          0       5991   stm32f4xx_can.o
       214          0          0          0          0       1947   stm32f4xx_gpio.o
      1504        134          0         26         39      10462   stm32f4xx_it.o
       360         42          0         16          0       5288   stm32f4xx_rcc.o
       214         28          0          0          0       4002   stm32f4xx_tim.o
       434          8          0          0          0       5304   stm32f4xx_usart.o
       340         32          0          0          0       1569   system_stm32f4xx.o
       452         12          0          0          0       1347   timer.o
       396         22          0          0          0       1507   usart.o

    ----------------------------------------------------------------------
      9192        534        508        108      18032     335580   Object Totals
         0          0         32          0          0          0   (incl. Generated)
         6          0          0          4          1          0   (incl. Padding)

    ----------------------------------------------------------------------

      Code (inc. data)   RO Data    RW Data    ZI Data      Debug   Library Member Name

       216         22       1040          0          0      16570   arm_cos_f32.o
         8          0          0          0          0        779   arm_mat_init_f32.o
      1280         10          0          0          0       2726   arm_mat_inverse_f32.o
       248          6          0          0          0       1371   arm_mat_mult_f32.o
       216         22       1036          0          0       1382   arm_sin_f32.o
         8          0          0          0          0         68   __main.o
         0          0          0          0          0          0   __rtentry.o
        12          0          0          0          0          0   __rtentry2.o
         6          0          0          0          0          0   __rtentry4.o
        52          8          0          0          0          0   __scatter.o
        26          0          0          0          0          0   __scatter_copy.o
        28          0          0          0          0          0   __scatter_zi.o
        22          0          0          0          0        100   _rserrno.o
        18          0          0          0          0         80   exit.o
         6          0          0          0          0        152   heapauxi.o
         0          0          0          0          0          0   indicate_semi.o
         2          0          0          0          0          0   libinit.o
         6          0          0          0          0          0   libinit2.o
         2          0          0          0          0          0   libshutdown.o
         2          0          0          0          0          0   libshutdown2.o
         8          4          0          0         96         68   libspace.o
         8          4          0          0          0         68   rt_errno_addr_intlibspace.o
        78          0          0          0          0         80   rt_memclr_w.o
       100          0          0          0          0         80   rt_memcpy_w.o
         2          0          0          0          0          0   rtexit.o
        10          0          0          0          0          0   rtexit2.o
        12          4          0          0          0         68   sys_exit.o
        74          0          0          0          0         80   sys_stackheap_outer.o
         2          0          0          0          0         68   use_no_semi.o
        24          0          0          0          0        164   basic.o
        98          4          0          0          0        140   d2f.o
       826         16          0          0          0        492   daddsub_clz.o
        16          4          0          0          0        116   dcheck1.o
        24          0          0          0          0        116   dcmpi.o
       688        140          0          0          0        256   ddiv.o
        46          0          0          0          0        116   dflt_clz.o
       120          4          0          0          0        140   dleqf.o
       340         12          0          0          0        152   dmul.o
       156          4          0          0          0        140   dnaninf.o
        12          0          0          0          0        116   dretinf.o
       108          0          0          0          0        128   drleqf.o
       408         56          0          0          0        168   dsqrt_umaal.o
        86          4          0          0          0        132   f2d.o
       140          4          0          0          0        132   fnaninf.o
        10          0          0          0          0        116   fpinit.o
        10          0          0          0          0        116   fretinf.o
       100          0          0          0          0        116   retnan.o
        92          0          0          0          0        116   scalbn.o
        48          0          0          0          0        116   trapv.o
         0          0          0          0          0          0   usenofp.o
       592         90          0          0          0        184   atan2f.o
       164         44          0          0          0        620   dunder.o
        44          0          0          0          0        248   fabs.o
        48          0          0          0          0        124   fpclassify.o
        38          0          0          0          0        116   fpclassifyf.o
        22          6          0          0          0        232   funder.o
       248          0          0          0          0        152   poly.o
      3152        296        136          0          0        352   pow.o
         0          0          8          0          0          0   qnan.o
       110          0          0          0          0        148   sqrt.o

    ----------------------------------------------------------------------
     10252        764       2224          0        100      29004   Library Totals
        30          0          4          0          4          0   (incl. Padding)

    ----------------------------------------------------------------------

      Code (inc. data)   RO Data    RW Data    ZI Data      Debug   Library Name

      1968         60       2076          0          0      22828   arm_cortexM4lf_math.lib
       484         20          0          0         96        912   c_w.l
      3352        248          0          0          0       3088   fz_wm.l
      4418        436        144          0          0       2176   m_wm.l

    ----------------------------------------------------------------------
     10252        764       2224          0        100      29004   Library Totals

    ----------------------------------------------------------------------

==============================================================================


      Code (inc. data)   RO Data    RW Data    ZI Data      Debug   

     19444       1298       2732        108      18132     355020   Grand Totals
     19444       1298       2732        108      18132     355020   ELF Image Totals
     19444       1298       2732        108          0          0   ROM Totals

==============================================================================

    Total RO  Size (Code + RO Data)                22176 (  21.66kB)
    Total RW  Size (RW Data + ZI Data)             18240 (  17.81kB)
    Total ROM Size (Code + RO Data + RW Data)      22284 (  21.76kB)

==============================================================================

